2024-03-29 00:04:19.963    app     info:    [server-manager] Starting refresh cycle for eve-online / Tranquility
2024-03-29 00:04:20.080    app     info:    [server-manager] Previous Tranquility build: 2532064, current build: 2532064
2024-03-29 00:04:20.081    app     info:    [server-manager] Tranquility build is unchanged.
2024-03-29 00:04:20.090    app     info:    [server-manager] Ready to play!
2024-03-29 00:04:20.096    app     info:    [server-manager] Finished refresh cycle for Tranquility
2024-03-29 00:09:20.100    app     info:    [server-manager] Starting refresh cycle for eve-online / Tranquility
2024-03-29 00:09:20.224    app     info:    [server-manager] Previous Tranquility build: 2532064, current build: 2532064
2024-03-29 00:09:20.224    app     info:    [server-manager] Tranquility build is unchanged.
2024-03-29 00:09:20.233    app     info:    [server-manager] Ready to play!
2024-03-29 00:09:20.239    app     info:    [server-manager] Finished refresh cycle for Tranquility
2024-03-29 00:14:20.243    app     info:    [server-manager] Starting refresh cycle for eve-online / Tranquility
2024-03-29 00:14:20.375    app     info:    [server-manager] Previous Tranquility build: 2532064, current build: 2532064
2024-03-29 00:14:20.376    app     info:    [server-manager] Tranquility build is unchanged.
2024-03-29 00:14:20.386    app     info:    [server-manager] Ready to play!
2024-03-29 00:14:20.393    app     info:    [server-manager] Finished refresh cycle for Tranquility
2024-03-29 00:19:20.400    app     info:    [server-manager] Starting refresh cycle for eve-online / Tranquility
2024-03-29 00:19:20.561    app     info:    [server-manager] Previous Tranquility build: 2532064, current build: 2532064
2024-03-29 00:19:20.561    app     info:    [server-manager] Tranquility build is unchanged.
2024-03-29 00:19:20.575    app     info:    [server-manager] Ready to play!
2024-03-29 00:19:20.582    app     info:    [server-manager] Finished refresh cycle for Tranquility
