2024-03-31 13:27:31.215    app     info:    [migrations] Migrating state from version 202403211101 to 202403211101
2024-03-31 13:27:31.451    app     info:    [self-update] Configuring update feed.
2024-03-31 13:27:31.451    app     info:    [self-update] Update feed set to: https://launcher.ccpgames.com/eve-online/release/win32/x64/
2024-03-31 13:27:31.465    app     info:    Startup arguments    []
2024-03-31 13:27:31.538    app     info:    [self-update] Auto-updating is now enabled
2024-03-31 13:27:31.540    app     info:    [migrations] Migrating state from version 202403211101 to 202403211101
2024-03-31 13:27:31.544    app     info:    [third-party-authentications] Checking for Steam startup
2024-03-31 13:27:31.960    app     info:    [migrations] Migrating secured state from version 202403201100 to 202403201100
2024-03-31 13:27:32.040    app     info:    [elg-events] Queueing event    eve_launcher.electron.application.LauncherStarted
2024-03-31 13:27:32.092    app     info:    [authentication] Token for '16492377' on 'tranquility' is expired, refresh is required
2024-03-31 13:27:32.093    app     info:    [authentication] Refreshing token for '16492377' on 'tranquility'
2024-03-31 13:27:32.093    app     info:    [authentication] Token for '17525312' on 'tranquility' is expired, refresh is required
2024-03-31 13:27:32.094    app     info:    [authentication] Refreshing token for '17525312' on 'tranquility'
2024-03-31 13:27:32.094    app     info:    [authentication] Token for '25218835' on 'tranquility' is expired, refresh is required
2024-03-31 13:27:32.094    app     info:    [authentication] Refreshing token for '25218835' on 'tranquility'
2024-03-31 13:27:32.095    app     info:    [authentication] Token for '29280260' on 'tranquility' is expired, refresh is required
2024-03-31 13:27:32.095    app     info:    [authentication] Refreshing token for '29280260' on 'tranquility'
2024-03-31 13:27:32.096    app     info:    [authentication] Token for '29285645' on 'tranquility' is expired, refresh is required
2024-03-31 13:27:32.096    app     info:    [authentication] Refreshing token for '29285645' on 'tranquility'
2024-03-31 13:27:32.097    app     info:    [authentication] Token for '18034259' on 'tranquility' is expired, refresh is required
2024-03-31 13:27:32.097    app     info:    [authentication] Refreshing token for '18034259' on 'tranquility'
2024-03-31 13:27:32.097    app     info:    [authentication] Token for '28182799' on 'tranquility' is expired, refresh is required
2024-03-31 13:27:32.098    app     info:    [authentication] Refreshing token for '28182799' on 'tranquility'
2024-03-31 13:27:32.098    app     info:    [authentication] Token for '2110311' on 'tranquility' is expired, refresh is required
2024-03-31 13:27:32.099    app     info:    [authentication] Refreshing token for '2110311' on 'tranquility'
2024-03-31 13:27:32.099    app     info:    [authentication] Token for '23622903' on 'tranquility' is expired, refresh is required
2024-03-31 13:27:32.099    app     info:    [authentication] Refreshing token for '23622903' on 'tranquility'
2024-03-31 13:27:32.100    app     info:    [authentication] Token for '26239201' on 'tranquility' is expired, refresh is required
2024-03-31 13:27:32.100    app     info:    [authentication] Refreshing token for '26239201' on 'tranquility'
2024-03-31 13:27:32.101    app     info:    [authentication] Token for '18922386' on 'tranquility' is expired, refresh is required
2024-03-31 13:27:32.101    app     info:    [authentication] Refreshing token for '18922386' on 'tranquility'
2024-03-31 13:27:32.101    app     info:    [authentication] Token for '18000247' on 'tranquility' is expired, refresh is required
2024-03-31 13:27:32.101    app     info:    [authentication] Refreshing token for '18000247' on 'tranquility'
2024-03-31 13:27:32.102    app     info:    [authentication] Token for '29795975' on 'tranquility' is expired, refresh is required
2024-03-31 13:27:32.102    app     info:    [authentication] Refreshing token for '29795975' on 'tranquility'
2024-03-31 13:27:32.103    app     info:    [authentication] Token for '29797650' on 'tranquility' is expired, refresh is required
2024-03-31 13:27:32.103    app     info:    [authentication] Refreshing token for '29797650' on 'tranquility'
2024-03-31 13:27:32.103    app     info:    [authentication] Token for '17550993' on 'tranquility' is expired, refresh is required
2024-03-31 13:27:32.103    app     info:    [authentication] Refreshing token for '17550993' on 'tranquility'
2024-03-31 13:27:32.113    app     info:    [analytics] Application name:    EVE Online
2024-03-31 13:27:32.113    app     info:    [analytics] Application version:    1.3.3
2024-03-31 13:27:32.114    app     info:    [analytics] Domain    undefined
2024-03-31 13:27:32.115    app     info:    [analytics] Working directory    C:\Games\Steam\steamapps\common\Eve Online\app-1.3.3
2024-03-31 13:27:32.115    app     info:    [analytics] Username contains UTF8?    false
2024-03-31 13:27:32.489    app     info:    [elg-events] Queueing event    eve_launcher.electron.application.PdmLoaded
2024-03-31 13:27:32.497    app     info:    [elg-events] Queueing event    eve_launcher.electron.application.CoreDataLoaded
2024-03-31 13:27:32.501    app     info:    [analytics] Operating system    {
  type: 'Windows',
  name: 'Windows 10 Education',
  version: '10.0 (19045)'
}
2024-03-31 13:27:32.502    app     info:    [analytics] Encryption available:    true
2024-03-31 13:27:32.502    app     info:    [analytics] Machine UUID    4E9F516C-5B97-47C6-8C67-E93D943CB7C8
2024-03-31 13:27:32.502    app     info:    [analytics] PDM Version    2.1.4
2024-03-31 13:27:32.503    app     info:    [analytics] Release channel    release
2024-03-31 13:27:32.503    app     info:    [initializers] Shared cache directory set to    C:\CCP\EVE Online
2024-03-31 13:27:32.532    app     info:    [initializers] Shared cache drive free space: 64,70 GiB / 433,74 GiB
2024-03-31 13:27:32.532    app     info:    [feature-flags] Initializing feature flag client
2024-03-31 13:27:32.541    app     info:    [i18next] Changed language    en
2024-03-31 13:27:32.566    app     info:    [shared-cache] Looking for profiles in 'c_ccp_eve_online_tq_tranquility'...
2024-03-31 13:27:32.567    app     info:    [shared-cache] Looking for profiles in 'c_ccp_eve_online_sisi_singularity'...
2024-03-31 13:27:32.568    app     info:    [shared-cache] Looking for profiles in 'c_ccp_eve_online_thunderdome_thunderdome'...
2024-03-31 13:27:32.578    app     info:    [scheduler] Starting scheduler background
2024-03-31 13:27:32.603    app    error:    (node:6428) MaxListenersExceededWarning: Possible EventEmitter memory leak detected. 11 scheduler/triggered listeners added to [IpcMainImpl]. Use emitter.setMaxListeners() to increase limit
(Use `eve-online --trace-warnings ...` to show where the warning was created)    []
2024-03-31 13:27:32.615    app     info:    [shared-cache] Processed 0 profiles from disk
2024-03-31 13:27:32.641    app     info:    [steam-auth] Steam startup detected
2024-03-31 13:27:32.649    app     info:    [authentication] Generated login URL with state 'OnGGqriI4aStDSiGczmUuFp8O7PMco8q36_6egz_GOE' for 'tranquility' using clientID 'eveLauncherTQ'
2024-03-31 13:27:32.649    app     info:    [third-party-authentications] Done checking third party startups
2024-03-31 13:27:32.704    app     info:    [first-run] Application has been run before: 2024-03-28T11:50:09.863Z
2024-03-31 13:27:32.773    app     info:    [server-manager] Starting refresh cycle for eve-online / Tranquility
2024-03-31 13:27:32.784    app     info:    [cache-protocol] Found 0 entries to remove
2024-03-31 13:27:32.785    app     info:    [cache-protocol] Nothing to clean up.
2024-03-31 13:27:32.816    app     info:    [elg-events] Event sent    type.evetech.net/eve_launcher.electron.application.LauncherStarted
2024-03-31 13:27:32.818    app     info:    [elg-events] Event sent    type.evetech.net/eve_launcher.electron.application.PdmLoaded
2024-03-31 13:27:32.820    app     info:    [elg-events] Event sent    type.evetech.net/eve_launcher.electron.application.CoreDataLoaded
2024-03-31 13:27:32.865    app     info:    [customer-information] Agreements have been updated
2024-03-31 13:27:32.867    app     info:    info: [LaunchDarkly] LaunchDarkly client initialized    []
2024-03-31 13:27:32.868    app     info:    info: [LaunchDarkly] Opening stream connection to https://clientstream.launchdarkly.com/eval/64c3d12e27a4b11365012d39/eyJrZXkiOiI0YTQzNmFkYi00Yjk5LTQwYTctODViMC00MmUyMDZmNDEyODYiLCJraW5kIjoidXNlciIsImN1c3RvbSI6eyJpc0ZpcnN0UnVuIjpmYWxzZSwiZGF5c1NpbmNlRmlyc3RSdW4iOjMsImxhbmd1YWdlIjoiZW4iLCJhcHBsaWNhdGlvbiI6ImV2ZS1vbmxpbmUiLCJ2ZXJzaW9uIjoiMS4zLjMiLCJwbGF0Zm9ybSI6IndpbmRvd3MiLCJpc0dlRm9yY2VOb3ciOmZhbHNlLCJvc1ZlcnNpb25EZXByZWNhdGVkIjpmYWxzZSwidXNlcklkcyI6WzE2NDkyMzc3LDE3NTUwOTkzLDIxMTAzMTEsMjk3OTc2NTBdLCJvbWVnYUNvdW50IjowLCJhbHBoYUNvdW50IjoxNSwiYWNjb3VudENvdW50IjoxNSwib2xkZXN0QWNjb3VudEFnZSI6NjEwOCwieW91bmdlc3RBY2NvdW50QWdlIjoyfX0?withReasons=true    []
2024-03-31 13:27:32.870    app     info:    [feature-flags] Client 4a436adb... ready, fetching flags
2024-03-31 13:27:32.871    app     info:    [self-update] Auto-updating is now enabled
2024-03-31 13:27:32.874    app     info:    [feature-flags] Received 27 flags for client 4a436adb...
2024-03-31 13:27:32.874    app     info:    [feature-flags] Client initialized with key 4a436adb...
2024-03-31 13:27:32.877    app     info:    [self-update] Configuring update feed.
2024-03-31 13:27:32.878    app     info:    [self-update] Update feed set to: https://launcher.ccpgames.com/eve-online/release/win32/x64/
2024-03-31 13:27:32.878    app     info:    [self-update] Auto-updating is now enabled
2024-03-31 13:27:32.893    app     info:    [customer-information] Agreements have been updated
2024-03-31 13:27:32.907    app     info:    [authentication] Token for '17525312' on 'tranquility' has been successfully refreshed
2024-03-31 13:27:32.910    app     info:    [elg-events] Queueing event    eve_launcher.electron.authentication.UserTokensRefreshed
2024-03-31 13:27:32.936    app     info:    [elg-events] Event sent    type.evetech.net/eve_launcher.electron.authentication.UserTokensRefreshed
2024-03-31 13:27:32.938    app     info:    [customer-information] Getting character information for '17525312' on 'tranquility'
2024-03-31 13:27:32.938    app     info:    [customer-information] Getting Omega status for '17525312' on 'tranquility'
2024-03-31 13:27:32.938    app     info:    [virtual-goods] Getting Plex status for '17525312' on 'tranquility'
2024-03-31 13:27:32.941    app     info:    [authentication] Token for '16492377' on 'tranquility' has been successfully refreshed
2024-03-31 13:27:32.944    app     info:    [elg-events] Queueing event    eve_launcher.electron.authentication.UserTokensRefreshed
2024-03-31 13:27:32.969    app     info:    [customer-information] Getting character information for '16492377' on 'tranquility'
2024-03-31 13:27:32.970    app     info:    [customer-information] Getting Omega status for '16492377' on 'tranquility'
2024-03-31 13:27:32.970    app     info:    [virtual-goods] Getting Plex status for '16492377' on 'tranquility'
2024-03-31 13:27:32.972    app     info:    [authentication] Token for '29280260' on 'tranquility' has been successfully refreshed
2024-03-31 13:27:32.975    app     info:    [elg-events] Queueing event    eve_launcher.electron.authentication.UserTokensRefreshed
2024-03-31 13:27:33.004    app     info:    [customer-information] Getting character information for '29280260' on 'tranquility'
2024-03-31 13:27:33.004    app     info:    [customer-information] Getting Omega status for '29280260' on 'tranquility'
2024-03-31 13:27:33.005    app     info:    [virtual-goods] Getting Plex status for '29280260' on 'tranquility'
2024-03-31 13:27:33.007    app     info:    [authentication] Token for '28182799' on 'tranquility' has been successfully refreshed
2024-03-31 13:27:33.010    app     info:    [elg-events] Queueing event    eve_launcher.electron.authentication.UserTokensRefreshed
2024-03-31 13:27:33.048    app     info:    [customer-information] Getting character information for '28182799' on 'tranquility'
2024-03-31 13:27:33.049    app     info:    [customer-information] Getting Omega status for '28182799' on 'tranquility'
2024-03-31 13:27:33.049    app     info:    [virtual-goods] Getting Plex status for '28182799' on 'tranquility'
2024-03-31 13:27:33.053    app     info:    [authentication] Token for '29797650' on 'tranquility' has been successfully refreshed
2024-03-31 13:27:33.059    app     info:    [elg-events] Queueing event    eve_launcher.electron.authentication.UserTokensRefreshed
2024-03-31 13:27:33.089    app     info:    [customer-information] Getting character information for '29797650' on 'tranquility'
2024-03-31 13:27:33.089    app     info:    [customer-information] Getting Omega status for '29797650' on 'tranquility'
2024-03-31 13:27:33.089    app     info:    [virtual-goods] Getting Plex status for '29797650' on 'tranquility'
2024-03-31 13:27:33.092    app     info:    [authentication] Token for '18000247' on 'tranquility' has been successfully refreshed
2024-03-31 13:27:33.095    app     info:    [elg-events] Queueing event    eve_launcher.electron.authentication.UserTokensRefreshed
2024-03-31 13:27:33.122    app     info:    [customer-information] Getting character information for '18000247' on 'tranquility'
2024-03-31 13:27:33.122    app     info:    [customer-information] Getting Omega status for '18000247' on 'tranquility'
2024-03-31 13:27:33.122    app     info:    [virtual-goods] Getting Plex status for '18000247' on 'tranquility'
2024-03-31 13:27:33.126    app     info:    [authentication] Token for '2110311' on 'tranquility' has been successfully refreshed
2024-03-31 13:27:33.129    app     info:    [elg-events] Queueing event    eve_launcher.electron.authentication.UserTokensRefreshed
2024-03-31 13:27:33.153    app     info:    [customer-information] Getting character information for '2110311' on 'tranquility'
2024-03-31 13:27:33.154    app     info:    [customer-information] Getting Omega status for '2110311' on 'tranquility'
2024-03-31 13:27:33.154    app     info:    [virtual-goods] Getting Plex status for '2110311' on 'tranquility'
2024-03-31 13:27:33.157    app     info:    [authentication] Token for '23622903' on 'tranquility' has been successfully refreshed
2024-03-31 13:27:33.161    app     info:    [elg-events] Queueing event    eve_launcher.electron.authentication.UserTokensRefreshed
2024-03-31 13:27:33.194    app     info:    [customer-information] Getting character information for '23622903' on 'tranquility'
2024-03-31 13:27:33.194    app     info:    [customer-information] Getting Omega status for '23622903' on 'tranquility'
2024-03-31 13:27:33.194    app     info:    [virtual-goods] Getting Plex status for '23622903' on 'tranquility'
2024-03-31 13:27:33.197    app     info:    [authentication] Token for '25218835' on 'tranquility' has been successfully refreshed
2024-03-31 13:27:33.201    app     info:    [elg-events] Queueing event    eve_launcher.electron.authentication.UserTokensRefreshed
2024-03-31 13:27:33.223    app     info:    [customer-information] Getting character information for '25218835' on 'tranquility'
2024-03-31 13:27:33.223    app     info:    [customer-information] Getting Omega status for '25218835' on 'tranquility'
2024-03-31 13:27:33.224    app     info:    [virtual-goods] Getting Plex status for '25218835' on 'tranquility'
2024-03-31 13:27:33.226    app     info:    [authentication] Token for '18034259' on 'tranquility' has been successfully refreshed
2024-03-31 13:27:33.229    app     info:    [elg-events] Queueing event    eve_launcher.electron.authentication.UserTokensRefreshed
2024-03-31 13:27:33.250    app     info:    [customer-information] Getting character information for '18034259' on 'tranquility'
2024-03-31 13:27:33.250    app     info:    [customer-information] Getting Omega status for '18034259' on 'tranquility'
2024-03-31 13:27:33.251    app     info:    [virtual-goods] Getting Plex status for '18034259' on 'tranquility'
2024-03-31 13:27:33.253    app     info:    [authentication] Token for '29285645' on 'tranquility' has been successfully refreshed
2024-03-31 13:27:33.256    app     info:    [elg-events] Queueing event    eve_launcher.electron.authentication.UserTokensRefreshed
2024-03-31 13:27:33.275    app     info:    [customer-information] Getting character information for '29285645' on 'tranquility'
2024-03-31 13:27:33.276    app     info:    [customer-information] Getting Omega status for '29285645' on 'tranquility'
2024-03-31 13:27:33.276    app     info:    [virtual-goods] Getting Plex status for '29285645' on 'tranquility'
2024-03-31 13:27:33.278    app     info:    [authentication] Token for '26239201' on 'tranquility' has been successfully refreshed
2024-03-31 13:27:33.281    app     info:    [elg-events] Queueing event    eve_launcher.electron.authentication.UserTokensRefreshed
2024-03-31 13:27:33.301    app     info:    [customer-information] Getting character information for '26239201' on 'tranquility'
2024-03-31 13:27:33.301    app     info:    [customer-information] Getting Omega status for '26239201' on 'tranquility'
2024-03-31 13:27:33.301    app     info:    [virtual-goods] Getting Plex status for '26239201' on 'tranquility'
2024-03-31 13:27:33.304    app     info:    [elg-events] Event sent    type.evetech.net/eve_launcher.electron.authentication.UserTokensRefreshed
2024-03-31 13:27:33.309    app     info:    [authentication] Token for '29795975' on 'tranquility' has been successfully refreshed
2024-03-31 13:27:33.312    app     info:    [elg-events] Queueing event    eve_launcher.electron.authentication.UserTokensRefreshed
2024-03-31 13:27:33.334    app     info:    [customer-information] Getting character information for '29795975' on 'tranquility'
2024-03-31 13:27:33.335    app     info:    [customer-information] Getting Omega status for '29795975' on 'tranquility'
2024-03-31 13:27:33.335    app     info:    [virtual-goods] Getting Plex status for '29795975' on 'tranquility'
2024-03-31 13:27:33.345    app     info:    [server-manager] Previous Tranquility build: 2532064, current build: 2532064
2024-03-31 13:27:33.346    app     info:    [server-manager] Tranquility build is unchanged.
2024-03-31 13:27:33.356    app     info:    [server-manager] Ready to play!
2024-03-31 13:27:33.361    app     info:    [server-manager] Finished refresh cycle for Tranquility
2024-03-31 13:27:33.362    app     info:    [elg-events] Event sent    type.evetech.net/eve_launcher.electron.authentication.UserTokensRefreshed
2024-03-31 13:27:33.365    app     info:    [authentication] Token for '17550993' on 'tranquility' has been successfully refreshed
2024-03-31 13:27:33.368    app     info:    [elg-events] Queueing event    eve_launcher.electron.authentication.UserTokensRefreshed
2024-03-31 13:27:33.387    app     info:    [customer-information] Getting character information for '17550993' on 'tranquility'
2024-03-31 13:27:33.388    app     info:    [customer-information] Getting Omega status for '17550993' on 'tranquility'
2024-03-31 13:27:33.388    app     info:    [virtual-goods] Getting Plex status for '17550993' on 'tranquility'
2024-03-31 13:27:33.390    app     info:    [authentication] Token for '18922386' on 'tranquility' has been successfully refreshed
2024-03-31 13:27:33.392    app     info:    [elg-events] Queueing event    eve_launcher.electron.authentication.UserTokensRefreshed
2024-03-31 13:27:33.410    app     info:    [AuthenticationMiddleware] Successfully restored 15 / 15 users
2024-03-31 13:27:33.411    app     info:    [customer-information] Getting character information for '18922386' on 'tranquility'
2024-03-31 13:27:33.411    app     info:    [customer-information] Getting Omega status for '18922386' on 'tranquility'
2024-03-31 13:27:33.411    app     info:    [virtual-goods] Getting Plex status for '18922386' on 'tranquility'
2024-03-31 13:27:33.419    app     info:    [elg-events] Event sent    type.evetech.net/eve_launcher.electron.authentication.UserTokensRefreshed
2024-03-31 13:27:33.423    app     info:    [elg-events] Event sent    type.evetech.net/eve_launcher.electron.authentication.UserTokensRefreshed
2024-03-31 13:27:33.428    app     info:    [elg-events] Event sent    type.evetech.net/eve_launcher.electron.authentication.UserTokensRefreshed
2024-03-31 13:27:33.431    app     info:    [elg-events] Event sent    type.evetech.net/eve_launcher.electron.authentication.UserTokensRefreshed
2024-03-31 13:27:33.432    app     info:    [elg-events] Event sent    type.evetech.net/eve_launcher.electron.authentication.UserTokensRefreshed
2024-03-31 13:27:33.434    app     info:    [elg-events] Event sent    type.evetech.net/eve_launcher.electron.authentication.UserTokensRefreshed
2024-03-31 13:27:33.435    app     info:    [elg-events] Event sent    type.evetech.net/eve_launcher.electron.authentication.UserTokensRefreshed
2024-03-31 13:27:33.435    app     info:    [elg-events] Event sent    type.evetech.net/eve_launcher.electron.authentication.UserTokensRefreshed
2024-03-31 13:27:33.436    app     info:    [elg-events] Event sent    type.evetech.net/eve_launcher.electron.authentication.UserTokensRefreshed
2024-03-31 13:27:33.436    app     info:    [elg-events] Event sent    type.evetech.net/eve_launcher.electron.authentication.UserTokensRefreshed
2024-03-31 13:27:33.437    app     info:    [elg-events] Event sent    type.evetech.net/eve_launcher.electron.authentication.UserTokensRefreshed
2024-03-31 13:27:33.437    app     info:    [elg-events] Event sent    type.evetech.net/eve_launcher.electron.authentication.UserTokensRefreshed
2024-03-31 13:27:33.504    app     info:    [virtual-goods] Fetched Plex status for '28182799' on 'tranquility'
2024-03-31 13:27:33.513    app     info:    [virtual-goods] Fetched Plex status for '17525312' on 'tranquility'
2024-03-31 13:27:33.526    app     info:    [virtual-goods] Fetched Plex status for '29280260' on 'tranquility'
2024-03-31 13:27:33.539    app     info:    [virtual-goods] Fetched Plex status for '25218835' on 'tranquility'
2024-03-31 13:27:33.548    app     info:    [virtual-goods] Fetched Plex status for '26239201' on 'tranquility'
2024-03-31 13:27:33.558    app     info:    [virtual-goods] Fetched Plex status for '18000247' on 'tranquility'
2024-03-31 13:27:33.568    app     info:    [virtual-goods] Fetched Plex status for '16492377' on 'tranquility'
2024-03-31 13:27:33.590    app     info:    [customer-information] Agreement status has been fetched for user '29280260'
2024-03-31 13:27:33.593    app     info:    [esi] Fetching character details for 2122199031
2024-03-31 13:27:33.607    app     info:    [esi] Fetching character details for 2121891348
2024-03-31 13:27:33.622    app     info:    [esi] Fetching character details for 2114656127, 2121178396
2024-03-31 13:27:33.639    app     info:    [virtual-goods] Fetched Plex status for '23622903' on 'tranquility'
2024-03-31 13:27:33.652    app     info:    [esi] Fetching character details for 2115031890, 2121177973
2024-03-31 13:27:33.674    app     info:    [customer-information] Agreement status has been fetched for user '23622903'
2024-03-31 13:27:33.676    app     info:    [esi] Fetching character details for 2121853336
2024-03-31 13:27:33.690    app     info:    [esi] Fetching character details for 2121174545
2024-03-31 13:27:33.702    app     info:    [esi] Fetching character details for 2121178171
2024-03-31 13:27:33.714    app     info:    [esi] Fetching character details for 2118248041, 2121175776
2024-03-31 13:27:33.727    app     info:    [esi] Fetching character details for 2119361891, 2120347635
2024-03-31 13:27:33.746    app     info:    [customer-information] Agreement status has been fetched for user '26239201'
2024-03-31 13:27:33.769    app     info:    [esi] Fetching character details for 2122197514
2024-03-31 13:27:33.790    app     info:    [customer-information] Agreement status has been fetched for user '29797650'
2024-03-31 13:27:33.813    app     info:    [AuthenticationMiddleware] User information updated
2024-03-31 13:27:33.823    app     info:    [customer-information] Agreement status has been fetched for user '25218835'
2024-03-31 13:27:33.843    app     info:    [customer-information] Agreement status has been fetched for user '18000247'
2024-03-31 13:27:33.855    app     info:    [AuthenticationMiddleware] User information updated
2024-03-31 13:27:33.857    app     info:    [esi] Fetching character details for 2121878074
2024-03-31 13:27:33.872    app     info:    [esi] Fetching character details for 578564394, 2115457291
2024-03-31 13:27:33.891    app     info:    [customer-information] Agreement status has been fetched for user '29285645'
2024-03-31 13:27:33.901    app     info:    [AuthenticationMiddleware] User information updated
2024-03-31 13:27:33.911    app     info:    [customer-information] Agreement status has been fetched for user '29795975'
2024-03-31 13:27:33.920    app     info:    [customer-information] Agreement status has been fetched for user '17525312'
2024-03-31 13:27:33.931    app     info:    [AuthenticationMiddleware] User information updated
2024-03-31 13:27:33.941    app     info:    [customer-information] Agreement status has been fetched for user '18922386'
2024-03-31 13:27:33.961    app     info:    [customer-information] Agreement status has been fetched for user '16492377'
2024-03-31 13:27:33.972    app     info:    [AuthenticationMiddleware] User information updated
2024-03-31 13:27:33.982    app     info:    [customer-information] Agreement status has been fetched for user '2110311'
2024-03-31 13:27:34.020    app     info:    [esi] Fetching character details for 2113875139, 2121174871
2024-03-31 13:27:34.043    app     info:    [AuthenticationMiddleware] User information updated
2024-03-31 13:27:34.046    app     info:    [esi] Fetching character details for 2114676119
2024-03-31 13:27:34.066    app     info:    [AuthenticationMiddleware] User information updated
2024-03-31 13:27:34.087    app     info:    [customer-information] Agreement status has been fetched for user '17550993'
2024-03-31 13:27:34.094    app     info:    [esi] Fetching character details for 2115479508
2024-03-31 13:27:34.111    app     info:    [customer-information] Agreement status has been fetched for user '18034259'
2024-03-31 13:27:34.123    app     info:    [customer-information] Agreement status has been fetched for user '28182799'
2024-03-31 13:27:34.124    app     info:    [AuthenticationMiddleware] User information updated
2024-03-31 13:27:34.134    app     info:    [virtual-goods] Fetched Plex status for '2110311' on 'tranquility'
2024-03-31 13:27:34.143    app     info:    [AuthenticationMiddleware] User information updated
2024-03-31 13:27:34.144    app     info:    [virtual-goods] Fetched Plex status for '18034259' on 'tranquility'
2024-03-31 13:27:34.154    app     info:    [AuthenticationMiddleware] User information updated
2024-03-31 13:27:34.154    app     info:    [virtual-goods] Fetched Plex status for '17550993' on 'tranquility'
2024-03-31 13:27:34.164    app     info:    [AuthenticationMiddleware] User information updated
2024-03-31 13:27:34.164    app     info:    [virtual-goods] Fetched Plex status for '18922386' on 'tranquility'
2024-03-31 13:27:34.174    app     info:    [AuthenticationMiddleware] User information updated
2024-03-31 13:27:34.175    app     info:    [virtual-goods] Fetched Plex status for '29285645' on 'tranquility'
2024-03-31 13:27:34.185    app     info:    [AuthenticationMiddleware] User information updated
2024-03-31 13:27:34.185    app     info:    [virtual-goods] Fetched Plex status for '29797650' on 'tranquility'
2024-03-31 13:27:34.196    app     info:    [AuthenticationMiddleware] User information updated
2024-03-31 13:27:34.197    app     info:    [virtual-goods] Fetched Plex status for '29795975' on 'tranquility'
2024-03-31 13:27:34.206    app     info:    [AuthenticationMiddleware] User information updated
2024-03-31 13:27:34.242    app     info:    [elg-events] Queueing event    eve_launcher.electron.application.RendererLoaded
2024-03-31 13:27:34.243    app     info:    [elg-events] Event sent    type.evetech.net/eve_launcher.electron.application.RendererLoaded
2024-03-31 13:27:34.256    app     info:    [scheduler] Starting scheduler foreground
2024-03-31 13:27:34.278    app     info:    [content-delivery-trace] Fetching CDN trace data from https://binaries.eveonline.com/cdn-cgi/trace
2024-03-31 13:27:34.289    app     info:    [creatives] Requesting creatives
2024-03-31 13:27:34.309    app     info:    [main-window] Registering main window    { windowId: 2 }
2024-03-31 13:27:34.310    app     info:    [authentication-handler] Creating login window using URI https://login.eveonline.com/account/logoff?lang=en&ReturnUrl=%2Fv2%2Foauth%2Fauthorize%3Fresponse_type%3Dcode%26client_id%3DeveLauncherTQ%26scope%3DeveClientLogin%2Bcisservice.customerRead.v1%2Bcisservice.customerWrite.v1%2Bcisservice.userProfileBasic.v1%2Bvgs.transactionRead.v1%2Bvgs.marketAccess.v1%26redirect_uri%3Dhttps%253A%252F%252Flogin.eveonline.com%252Flauncher%253Fclient_id%253DeveLauncherTQ%26state%3DOnGGqriI4aStDSiGczmUuFp8O7PMco8q36_6egz_GOE%26code_challenge_method%3DS256%26code_challenge%3Diy5I1Wzg_luA1AG2NNMmdeImNgCfHD699rU-acL7Row%26steam_ticket%3D1400000013ac666845650e331bd7f11a01001001b16409661800000001000000020000006ce14a61aeca8063106f000001000000b200000032000000040000001bd7f11a0100100134210000726473b0ad01a8c0000000005a570566da06216601002f220200000000004e6c315e8673ffcaf8efa67467ae7785db04f9e2e66eb066e63b10a454708c2ec5fe55655c5a09ba5af247239d8aadc0d446465661c4563b86b4bce4ffa04211f3dbee3b05fca8a8bc53feeceed39c66b41dd321b01a7aff49f46fb32e2f082de8a1b7a222e470f92c886bf8bba78d47e94ca14cad73aba7619e757449686f69
2024-03-31 13:27:34.342     ui     info:    [i18next] Requesting missing translation en readnought title title    ccp://launcher/renderer/main_window/index.js    2
2024-03-31 13:27:34.404    app     info:    [jukebox] Fetched 2 jukebox playlists
2024-03-31 13:27:34.492    app     info:    [creatives] Received 3 creatives
2024-03-31 13:27:34.632    app     info:    [esi] Fetched 1 character details for 29797650
2024-03-31 13:27:34.636    app     info:    [esi] Fetched 1 character details for 28182799
2024-03-31 13:27:34.639    app     info:    [esi] Fetched 1 character details for 18000247
2024-03-31 13:27:34.643    app     info:    [esi] Fetched 2 character details for 16492377
2024-03-31 13:27:34.674    app     info:    [esi] Fetched 1 character details for 29285645
2024-03-31 13:27:34.678    app     info:    [esi] Fetched 2 character details for 23622903
2024-03-31 13:27:34.681    app     info:    [esi] Fetched 2 character details for 17525312
2024-03-31 13:27:34.685    app     info:    [esi] Fetched 1 character details for 29795975
2024-03-31 13:27:34.689    app     info:    [esi] Fetched 1 character details for 29280260
2024-03-31 13:27:34.692    app     info:    [esi] Fetched 1 character details for 17550993
2024-03-31 13:27:34.695    app     info:    [esi] Fetched 2 character details for 18034259
2024-03-31 13:27:34.705    app     info:    [esi] Fetched 1 character details for 18922386
2024-03-31 13:27:34.708    app     info:    [esi] Fetched 2 character details for 25218835
2024-03-31 13:27:34.711    app     info:    [esi] Fetched 1 character details for 26239201
2024-03-31 13:27:34.715    app     info:    [esi] Fetched 2 character details for 2110311
2024-03-31 13:27:34.998    app     info:    [elg-events] Queueing event    eve_launcher.electron.authentication.UserAuthenticated
2024-03-31 13:27:34.998    app     info:    [authentication-handler] Navigation to login completed, receiving code & state    {
  state: 'OnGGqriI4aStDSiGczmUuFp8O7PMco8q36_6egz_GOE',
  code: 'QqDeBEjEN0KdeOStJouM7A'
}
2024-03-31 13:27:35.002    app     info:    [elg-events] Queueing event    eve_launcher.electron.authentication.LoginWindowClosed
2024-03-31 13:27:35.009    app     info:    [elg-events] Event sent    type.evetech.net/eve_launcher.electron.authentication.UserAuthenticated
2024-03-31 13:27:35.015    app     info:    [elg-events] Event sent    type.evetech.net/eve_launcher.electron.authentication.LoginWindowClosed
2024-03-31 13:27:35.142    app     info:    [elg-events] Queueing event    eve_launcher.electron.authentication.UserTokensReceived
2024-03-31 13:27:35.161    app     info:    [elg-events] Event sent    type.evetech.net/eve_launcher.electron.authentication.UserTokensReceived
2024-03-31 13:27:35.183    app     info:    [AuthenticationMiddleware] User information updated
2024-03-31 13:27:36.944    app     info:    [analytics] Hardware rendering enabled:    true    { disabledViaCommandline: false, disabledViaSettings: false }
2024-03-31 13:27:37.052     ui     info:    Initializing captcha    ccp://launcher/renderer/main_window/index.js    2
2024-03-31 13:27:37.671     ui     warn:    Deprecated API for given entry type.    https://www.gstatic.com/recaptcha/releases/moV1mTgQ6S91nuTnmll4Y9yf/recaptcha__en.js    536
2024-03-31 13:27:39.279    app     info:    [self-update] Checking for application updates.
2024-03-31 13:27:39.499    app     info:    [time-sync] Failed to sync time with 1 servers
2024-03-31 13:27:39.499    app     info:    [time-sync] Compared time with 4 servers. 3 successful, 1 failed.
2024-03-31 13:27:39.499    app     info:    [time-sync] Not showing any warnings because there were errors fetching the time.
2024-03-31 13:27:40.028    app     info:    [self-update] No application updates were found.
2024-03-31 13:27:49.599    app     info:    [client-queue] Queued client startup    {
  product: 'eve-online',
  tenant: 'tranquility',
  userId: 26239201,
  characterId: 2121178171,
  profile: ''
}
2024-03-31 13:27:49.603    app     info:    [elg-events] Queueing event    eve_launcher.electron.eve_client.ClientQueued
2024-03-31 13:27:49.604    app     info:    [client-queue] No clients running for tranquility, copying files before starting a client
2024-03-31 13:27:49.604    app     info:    [elg-events] Event sent    type.evetech.net/eve_launcher.electron.eve_client.ClientQueued
2024-03-31 13:27:49.617    app     info:    [elg-events] Queueing event    eve_launcher.electron.eve_client.CopyingFilesStarted
2024-03-31 13:27:49.618    app     info:    [binary-copier] Copying 195 files (230 MB) to 'C:\CCP\EVE Online\tq'
2024-03-31 13:27:49.619    app     info:    [elg-events] Event sent    type.evetech.net/eve_launcher.electron.eve_client.CopyingFilesStarted
2024-03-31 13:27:50.463    app     info:    [binary-copier] Removing old binaries
2024-03-31 13:27:50.479    app     info:    [binary-copier] Copying binaries from ResFiles
2024-03-31 13:27:50.952    app     info:    [binary-copier] Finished copying 195 files to 'C:\CCP\EVE Online\tq' in 1.337 seconds
2024-03-31 13:27:50.956    app     info:    [elg-events] Queueing event    eve_launcher.electron.eve_client.CopyingFilesFinished
2024-03-31 13:27:50.956    app     info:    [elg-events] Event sent    type.evetech.net/eve_launcher.electron.eve_client.CopyingFilesFinished
2024-03-31 13:27:50.966    app     info:    [client-manager] Starting EVE Online game client.    C:\CCP\EVE Online\tq\bin64\exefile.exe    [
  '/noconsole',
  '/server:tranquility.servers.eveonline.com',
  '/ssoToken=***',
  '/refreshToken=***',
  '/settingsprofile=Default',
  '/language=en',
  '/triplatform=dx12',
  '/steamUser',
  '/deviceID=***',
  '/machineHash=***',
  '/autoSelectCharacter:2121178171',
  'exp=1711892252',
  'tokenExpires=2024-03-31 16:37:32.000'
]    26239201
2024-03-31 13:27:50.971    app     info:    [elg-events] Queueing event    eve_launcher.electron.eve_client.GameClientStartRequested
2024-03-31 13:27:51.033    app     info:    [elg-events] Queueing event    eve_launcher.electron.eve_client.TemporaryClientProcessAdded
2024-03-31 13:27:51.039    app     info:    [client-manager] Found 'tranquility' client for '26239201' running:     {
  processId: 7296,
  createdDate: 1711891671023,
  userId: 26239201,
  characterId: 2121178171,
  profile: 'Default',
  dxVersion: 'dx12'
}
2024-03-31 13:27:51.051    app     info:    [elg-events] Queueing event    eve_launcher.electron.eve_client.GameClientStarted
2024-03-31 13:27:51.061    app     info:    [elg-events] Queueing event    eve_launcher.electron.eve_client.TemporaryClientProcessRemoved
2024-03-31 13:27:51.061    app     info:    [elg-events] Event sent    type.evetech.net/eve_launcher.electron.eve_client.GameClientStartRequested
2024-03-31 13:27:51.062    app     info:    [client-queue] Started client from group startup    {
  product: 'eve-online',
  tenant: 'tranquility',
  characterId: 2121178171,
  profile: '',
  userId: 26239201
}
2024-03-31 13:27:51.069    app     info:    [elg-events] Event sent    type.evetech.net/eve_launcher.electron.eve_client.TemporaryClientProcessAdded
2024-03-31 13:27:51.070    app     info:    [elg-events] Event sent    type.evetech.net/eve_launcher.electron.eve_client.GameClientStarted
2024-03-31 13:27:51.071    app     info:    [elg-events] Event sent    type.evetech.net/eve_launcher.electron.eve_client.TemporaryClientProcessRemoved
2024-03-31 13:27:51.569    app     info:    [elg-events] Queueing event    eve_launcher.electron.eve_client.TemporaryClientProcessMonitoringStopped
2024-03-31 13:27:51.570    app     info:    [elg-events] Event sent    type.evetech.net/eve_launcher.electron.eve_client.TemporaryClientProcessMonitoringStopped
2024-03-31 13:27:52.074    app     info:    [client-queue] Queue has stopped running, no more clients pending startup.
2024-03-31 13:28:03.258    app     warn:    Could not connect to LogLite    [
  Error: connect ECONNREFUSED 127.0.0.1:3273
      at TCPConnectWrap.afterConnect [as oncomplete] (node:net:1247:16) {
    errno: -4078,
    code: 'ECONNREFUSED',
    syscall: 'connect',
    address: '127.0.0.1',
    port: 3273
  }
]
2024-03-31 13:28:15.656    app     info:    [scheduler] Stopped scheduler foreground
2024-03-31 13:28:15.656    app     info:    [ipc-requests] Handling requests in the background
2024-03-31 13:28:16.657    app     info:    [ipc-requests] No longer handling requests in the background
2024-03-31 13:28:19.862    app     info:    [scheduler] Starting scheduler foreground
2024-03-31 13:28:24.154    app     info:    [scheduler] Stopped scheduler foreground
2024-03-31 13:28:24.155    app     info:    [ipc-requests] Handling requests in the background
2024-03-31 13:28:25.156    app     info:    [ipc-requests] No longer handling requests in the background
2024-03-31 13:28:44.476    app     info:    [scheduler] Starting scheduler foreground
2024-03-31 13:28:49.443    app     info:    [scheduler] Stopped scheduler foreground
2024-03-31 13:28:49.444    app     info:    [ipc-requests] Handling requests in the background
2024-03-31 13:28:49.504    app     info:    [time-sync] Failed to sync time with 1 servers
2024-03-31 13:28:49.505    app     info:    [time-sync] Compared time with 4 servers. 3 successful, 1 failed.
2024-03-31 13:28:49.505    app     info:    [time-sync] Not showing any warnings because there were errors fetching the time.
2024-03-31 13:28:50.446    app     info:    [ipc-requests] No longer handling requests in the background
2024-03-31 13:29:10.439    app     info:    [scheduler] Starting scheduler foreground
2024-03-31 13:29:11.804    app     info:    [scheduler] Stopped scheduler foreground
2024-03-31 13:29:11.805    app     info:    [ipc-requests] Handling requests in the background
2024-03-31 13:29:12.805    app     info:    [ipc-requests] No longer handling requests in the background
2024-03-31 13:29:41.347    app     info:    [scheduler] Starting scheduler foreground
2024-03-31 13:29:43.517    app     info:    [scheduler] Stopped scheduler foreground
2024-03-31 13:29:43.517    app     info:    [ipc-requests] Handling requests in the background
2024-03-31 13:29:44.519    app     info:    [ipc-requests] No longer handling requests in the background
2024-03-31 13:30:03.486    app     info:    [scheduler] Starting scheduler foreground
2024-03-31 13:30:05.835    app     info:    [scheduler] Stopped scheduler foreground
2024-03-31 13:30:05.836    app     info:    [ipc-requests] Handling requests in the background
2024-03-31 13:30:06.836    app     info:    [ipc-requests] No longer handling requests in the background
2024-03-31 13:30:07.408    app     info:    [scheduler] Starting scheduler foreground
2024-03-31 13:30:08.410    app     info:    [scheduler] Stopped scheduler foreground
2024-03-31 13:30:08.411    app     info:    [ipc-requests] Handling requests in the background
2024-03-31 13:30:08.511    app     info:    [time-sync] Failed to sync time with 1 servers
2024-03-31 13:30:08.511    app     info:    [time-sync] Compared time with 4 servers. 3 successful, 1 failed.
2024-03-31 13:30:08.511    app     info:    [time-sync] Not showing any warnings because there were errors fetching the time.
2024-03-31 13:30:09.411    app     info:    [ipc-requests] No longer handling requests in the background
2024-03-31 13:30:10.618    app     info:    [scheduler] Starting scheduler foreground
2024-03-31 13:31:08.499    app     info:    [time-sync] Failed to sync time with 1 servers
2024-03-31 13:31:08.499    app     info:    [time-sync] Compared time with 4 servers. 3 successful, 1 failed.
2024-03-31 13:31:08.499    app     info:    [time-sync] Not showing any warnings because there were errors fetching the time.
2024-03-31 13:32:08.499    app     info:    [time-sync] Failed to sync time with 1 servers
2024-03-31 13:32:08.500    app     info:    [time-sync] Compared time with 4 servers. 3 successful, 1 failed.
2024-03-31 13:32:08.500    app     info:    [time-sync] Not showing any warnings because there were errors fetching the time.
2024-03-31 13:32:18.356    app     info:    [scheduler] Stopped scheduler foreground
2024-03-31 13:32:18.357    app     info:    [ipc-requests] Handling requests in the background
2024-03-31 13:32:19.358    app     info:    [ipc-requests] No longer handling requests in the background
2024-03-31 13:32:25.073    app     info:    [scheduler] Starting scheduler foreground
2024-03-31 13:32:25.219    app     info:    [scheduler] Stopped scheduler foreground
2024-03-31 13:32:25.220    app     info:    [ipc-requests] Handling requests in the background
2024-03-31 13:32:26.222    app     info:    [ipc-requests] No longer handling requests in the background
2024-03-31 13:32:29.708    app     info:    [scheduler] Starting scheduler foreground
2024-03-31 13:32:33.364    app     info:    [server-manager] Starting refresh cycle for eve-online / Tranquility
2024-03-31 13:32:33.538    app     info:    [server-manager] Previous Tranquility build: 2532064, current build: 2532064
2024-03-31 13:32:33.538    app     info:    [server-manager] Tranquility build is unchanged.
2024-03-31 13:32:33.548    app     info:    [server-manager] Ready to play!
2024-03-31 13:32:33.555    app     info:    [server-manager] Finished refresh cycle for Tranquility
2024-03-31 13:32:39.279    app     info:    [self-update] Checking for application updates.
2024-03-31 13:32:39.831    app     info:    [self-update] No application updates were found.
2024-03-31 13:33:08.500    app     info:    [time-sync] Failed to sync time with 1 servers
2024-03-31 13:33:08.500    app     info:    [time-sync] Compared time with 4 servers. 3 successful, 1 failed.
2024-03-31 13:33:08.500    app     info:    [time-sync] Not showing any warnings because there were errors fetching the time.
2024-03-31 13:34:08.501    app     info:    [time-sync] Failed to sync time with 1 servers
2024-03-31 13:34:08.501    app     info:    [time-sync] Compared time with 4 servers. 3 successful, 1 failed.
2024-03-31 13:34:08.501    app     info:    [time-sync] Not showing any warnings because there were errors fetching the time.
2024-03-31 13:35:08.500    app     info:    [time-sync] Failed to sync time with 1 servers
2024-03-31 13:35:08.501    app     info:    [time-sync] Compared time with 4 servers. 3 successful, 1 failed.
2024-03-31 13:35:08.501    app     info:    [time-sync] Not showing any warnings because there were errors fetching the time.
2024-03-31 13:35:37.709    app     info:    [scheduler] Stopped scheduler foreground
2024-03-31 13:35:37.710    app     info:    [ipc-requests] Handling requests in the background
2024-03-31 13:35:38.169    app     info:    [client-manager] 'tranquility' for EVE game client for '26239201' exited with no errors.
2024-03-31 13:35:38.173    app     info:    [elg-events] Queueing event    eve_launcher.electron.eve_client.GameClientExited
2024-03-31 13:35:38.186    app     info:    [server-manager] Starting refresh cycle for eve-online / Tranquility
2024-03-31 13:35:38.191    app     info:    [elg-events] Event sent    type.evetech.net/eve_launcher.electron.eve_client.GameClientExited
2024-03-31 13:35:38.342    app     info:    [server-manager] Previous Tranquility build: 2532064, current build: 2532064
2024-03-31 13:35:38.343    app     info:    [server-manager] Tranquility build is unchanged.
2024-03-31 13:35:38.356    app     info:    [server-manager] Ready to play!
2024-03-31 13:35:38.363    app     info:    [server-manager] Finished refresh cycle for Tranquility
2024-03-31 13:35:38.711    app     info:    [ipc-requests] No longer handling requests in the background
2024-03-31 13:35:46.625    app     info:    [scheduler] Starting scheduler foreground
2024-03-31 13:35:47.617    app     info:    [scheduler] Stopped scheduler foreground
2024-03-31 13:35:47.618    app     info:    [ipc-requests] Handling requests in the background
2024-03-31 13:35:48.619    app     info:    [ipc-requests] No longer handling requests in the background
2024-03-31 13:38:31.172    app     info:    [scheduler] Starting scheduler foreground
2024-03-31 13:38:36.202    app     info:    [self-update] Checking for application updates.
2024-03-31 13:38:36.221    app     info:    [time-sync] Failed to sync time with 1 servers
2024-03-31 13:38:36.222    app     info:    [time-sync] Compared time with 4 servers. 3 successful, 1 failed.
2024-03-31 13:38:36.222    app     info:    [time-sync] Not showing any warnings because there were errors fetching the time.
2024-03-31 13:38:36.636    app     info:    [self-update] No application updates were found.
2024-03-31 13:39:36.185    app     info:    [time-sync] Failed to sync time with 1 servers
2024-03-31 13:39:36.186    app     info:    [time-sync] Compared time with 4 servers. 3 successful, 1 failed.
2024-03-31 13:39:36.186    app     info:    [time-sync] Not showing any warnings because there were errors fetching the time.
2024-03-31 13:39:41.228    app     info:    [client-queue] Queued client startup    {
  product: 'eve-online',
  tenant: 'tranquility',
  userId: 29795975,
  characterId: 2122197514,
  profile: ''
}
2024-03-31 13:39:41.232    app     info:    [elg-events] Queueing event    eve_launcher.electron.eve_client.ClientQueued
2024-03-31 13:39:41.233    app     info:    [client-queue] No clients running for tranquility, copying files before starting a client
2024-03-31 13:39:41.233    app     info:    [elg-events] Event sent    type.evetech.net/eve_launcher.electron.eve_client.ClientQueued
2024-03-31 13:39:41.243    app     info:    [elg-events] Queueing event    eve_launcher.electron.eve_client.CopyingFilesStarted
2024-03-31 13:39:41.244    app     info:    [binary-copier] Copying 195 files (230 MB) to 'C:\CCP\EVE Online\tq'
2024-03-31 13:39:41.244    app     info:    [elg-events] Event sent    type.evetech.net/eve_launcher.electron.eve_client.CopyingFilesStarted
2024-03-31 13:39:42.073    app     info:    [binary-copier] Removing old binaries
2024-03-31 13:39:42.103    app     info:    [binary-copier] Copying binaries from ResFiles
2024-03-31 13:39:42.199    app     info:    [binary-copier] Finished copying 195 files to 'C:\CCP\EVE Online\tq' in 0.959 seconds
2024-03-31 13:39:42.203    app     info:    [elg-events] Queueing event    eve_launcher.electron.eve_client.CopyingFilesFinished
2024-03-31 13:39:42.203    app     info:    [elg-events] Event sent    type.evetech.net/eve_launcher.electron.eve_client.CopyingFilesFinished
2024-03-31 13:39:42.213    app     info:    [client-manager] Starting EVE Online game client.    C:\CCP\EVE Online\tq\bin64\exefile.exe    [
  '/noconsole',
  '/server:tranquility.servers.eveonline.com',
  '/ssoToken=***',
  '/refreshToken=***',
  '/settingsprofile=Default',
  '/language=en',
  '/triplatform=dx12',
  '/steamUser',
  '/deviceID=***',
  '/machineHash=***',
  '/autoSelectCharacter:2122197514',
  'exp=1711978052',
  'tokenExpires=2024-04-01 16:27:32.000'
]    29795975
2024-03-31 13:39:42.217    app     info:    [elg-events] Queueing event    eve_launcher.electron.eve_client.GameClientStartRequested
2024-03-31 13:39:42.283    app     info:    [elg-events] Queueing event    eve_launcher.electron.eve_client.TemporaryClientProcessAdded
2024-03-31 13:39:42.288    app     info:    [client-manager] Found 'tranquility' client for '29795975' running:     {
  processId: 8544,
  createdDate: 1711892382272,
  userId: 29795975,
  characterId: 2122197514,
  profile: 'Default',
  dxVersion: 'dx12'
}
2024-03-31 13:39:42.302    app     info:    [elg-events] Queueing event    eve_launcher.electron.eve_client.GameClientStarted
2024-03-31 13:39:42.312    app     info:    [elg-events] Queueing event    eve_launcher.electron.eve_client.TemporaryClientProcessRemoved
2024-03-31 13:39:42.313    app     info:    [elg-events] Event sent    type.evetech.net/eve_launcher.electron.eve_client.GameClientStartRequested
2024-03-31 13:39:42.313    app     info:    [client-queue] Started client from group startup    {
  product: 'eve-online',
  tenant: 'tranquility',
  characterId: 2122197514,
  profile: '',
  userId: 29795975
}
2024-03-31 13:39:42.320    app     info:    [elg-events] Event sent    type.evetech.net/eve_launcher.electron.eve_client.TemporaryClientProcessAdded
2024-03-31 13:39:42.320    app     info:    [elg-events] Event sent    type.evetech.net/eve_launcher.electron.eve_client.GameClientStarted
2024-03-31 13:39:42.321    app     info:    [elg-events] Event sent    type.evetech.net/eve_launcher.electron.eve_client.TemporaryClientProcessRemoved
2024-03-31 13:39:42.817    app     info:    [elg-events] Queueing event    eve_launcher.electron.eve_client.TemporaryClientProcessMonitoringStopped
2024-03-31 13:39:42.818    app     info:    [elg-events] Event sent    type.evetech.net/eve_launcher.electron.eve_client.TemporaryClientProcessMonitoringStopped
2024-03-31 13:39:43.323    app     info:    [client-queue] Queue has stopped running, no more clients pending startup.
2024-03-31 13:39:45.449    app     info:    [scheduler] Stopped scheduler foreground
2024-03-31 13:39:45.449    app     info:    [ipc-requests] Handling requests in the background
2024-03-31 13:39:46.450    app     info:    [ipc-requests] No longer handling requests in the background
2024-03-31 13:39:56.734    app     info:    [scheduler] Starting scheduler foreground
2024-03-31 13:40:00.296    app     info:    [main-window] Main window closing    { windowId: 2 }
2024-03-31 13:40:00.308    app     info:    [scheduler] Stopped scheduler foreground
2024-03-31 13:40:00.309    app     info:    [ipc-requests] Handling requests in the background
2024-03-31 13:40:00.318    app     info:    Application quitting. Cleanup needed: true
2024-03-31 13:40:00.323    app     info:    [elg-events] Queueing shutdown event    eve_launcher.electron.application.LauncherShutdown
2024-03-31 13:40:00.348    app     info:    app.quit called, but we are still sending ELG events.
2024-03-31 13:40:00.348    app     info:    [elg-events] Event sent    type.evetech.net/eve_launcher.electron.application.LauncherShutdown
2024-03-31 13:40:00.599    app     info:    [elg-events] Shutdown event timeout passed
