2024-03-29 17:52:14.509    app     info:    [migrations] Migrating state from version 202403211101 to 202403211101
2024-03-29 17:52:14.732    app     info:    [self-update] Configuring update feed.
2024-03-29 17:52:14.733    app     info:    [self-update] Update feed set to: https://launcher.ccpgames.com/eve-online/release/win32/x64/
2024-03-29 17:52:14.742    app     info:    Startup arguments    []
2024-03-29 17:52:14.815    app     info:    [self-update] Auto-updating is now enabled
2024-03-29 17:52:14.817    app     info:    [migrations] Migrating state from version 202403211101 to 202403211101
2024-03-29 17:52:14.821    app     info:    [third-party-authentications] Checking for Steam startup
2024-03-29 17:52:15.083    app     info:    [migrations] Migrating secured state from version 202403201100 to 202403201100
2024-03-29 17:52:15.126    app     info:    [elg-events] Queueing event    eve_launcher.electron.application.LauncherStarted
2024-03-29 17:52:15.167    app     info:    [authentication] Token for '16492377' on 'tranquility' is expired, refresh is required
2024-03-29 17:52:15.167    app     info:    [authentication] Refreshing token for '16492377' on 'tranquility'
2024-03-29 17:52:15.168    app     info:    [authentication] Token for '17525312' on 'tranquility' is expired, refresh is required
2024-03-29 17:52:15.168    app     info:    [authentication] Refreshing token for '17525312' on 'tranquility'
2024-03-29 17:52:15.168    app     info:    [authentication] Token for '25218835' on 'tranquility' is expired, refresh is required
2024-03-29 17:52:15.168    app     info:    [authentication] Refreshing token for '25218835' on 'tranquility'
2024-03-29 17:52:15.169    app     info:    [authentication] Token for '29280260' on 'tranquility' is expired, refresh is required
2024-03-29 17:52:15.169    app     info:    [authentication] Refreshing token for '29280260' on 'tranquility'
2024-03-29 17:52:15.170    app     info:    [authentication] Token for '29285645' on 'tranquility' is expired, refresh is required
2024-03-29 17:52:15.170    app     info:    [authentication] Refreshing token for '29285645' on 'tranquility'
2024-03-29 17:52:15.170    app     info:    [authentication] Token for '18034259' on 'tranquility' is expired, refresh is required
2024-03-29 17:52:15.170    app     info:    [authentication] Refreshing token for '18034259' on 'tranquility'
2024-03-29 17:52:15.171    app     info:    [authentication] Token for '28182799' on 'tranquility' is expired, refresh is required
2024-03-29 17:52:15.171    app     info:    [authentication] Refreshing token for '28182799' on 'tranquility'
2024-03-29 17:52:15.171    app     info:    [authentication] Token for '2110311' on 'tranquility' is expired, refresh is required
2024-03-29 17:52:15.172    app     info:    [authentication] Refreshing token for '2110311' on 'tranquility'
2024-03-29 17:52:15.172    app     info:    [authentication] Token for '23622903' on 'tranquility' is expired, refresh is required
2024-03-29 17:52:15.172    app     info:    [authentication] Refreshing token for '23622903' on 'tranquility'
2024-03-29 17:52:15.173    app     info:    [authentication] Token for '26239201' on 'tranquility' is expired, refresh is required
2024-03-29 17:52:15.173    app     info:    [authentication] Refreshing token for '26239201' on 'tranquility'
2024-03-29 17:52:15.173    app     info:    [authentication] Token for '18922386' on 'tranquility' is expired, refresh is required
2024-03-29 17:52:15.173    app     info:    [authentication] Refreshing token for '18922386' on 'tranquility'
2024-03-29 17:52:15.174    app     info:    [authentication] Token for '18000247' on 'tranquility' is expired, refresh is required
2024-03-29 17:52:15.174    app     info:    [authentication] Refreshing token for '18000247' on 'tranquility'
2024-03-29 17:52:15.178    app     info:    [authentication] Token for '17550993' on 'tranquility' is expired, refresh is required
2024-03-29 17:52:15.178    app     info:    [authentication] Refreshing token for '17550993' on 'tranquility'
2024-03-29 17:52:15.188    app     info:    [analytics] Application name:    EVE Online
2024-03-29 17:52:15.188    app     info:    [analytics] Application version:    1.3.3
2024-03-29 17:52:15.188    app     info:    [analytics] Domain    undefined
2024-03-29 17:52:15.189    app     info:    [analytics] Working directory    C:\Games\Steam\steamapps\common\Eve Online\app-1.3.3
2024-03-29 17:52:15.190    app     info:    [analytics] Username contains UTF8?    false
2024-03-29 17:52:15.557    app     info:    [elg-events] Queueing event    eve_launcher.electron.application.PdmLoaded
2024-03-29 17:52:15.565    app     info:    [elg-events] Queueing event    eve_launcher.electron.application.CoreDataLoaded
2024-03-29 17:52:15.568    app     info:    [analytics] Operating system    {
  type: 'Windows',
  name: 'Windows 10 Education',
  version: '10.0 (19045)'
}
2024-03-29 17:52:15.569    app     info:    [analytics] Encryption available:    true
2024-03-29 17:52:15.569    app     info:    [analytics] Machine UUID    4E9F516C-5B97-47C6-8C67-E93D943CB7C8
2024-03-29 17:52:15.569    app     info:    [analytics] PDM Version    2.1.4
2024-03-29 17:52:15.570    app     info:    [analytics] Release channel    release
2024-03-29 17:52:15.570    app     info:    [initializers] Shared cache directory set to    C:\CCP\EVE Online
2024-03-29 17:52:15.584    app     info:    [initializers] Shared cache drive free space: 69,19 GiB / 433,74 GiB
2024-03-29 17:52:15.584    app     info:    [feature-flags] Initializing feature flag client
2024-03-29 17:52:15.592    app     info:    [i18next] Changed language    en
2024-03-29 17:52:15.617    app     info:    [shared-cache] Looking for profiles in 'c_ccp_eve_online_tq_tranquility'...
2024-03-29 17:52:15.617    app     info:    [shared-cache] Looking for profiles in 'c_ccp_eve_online_sisi_singularity'...
2024-03-29 17:52:15.618    app     info:    [shared-cache] Looking for profiles in 'c_ccp_eve_online_thunderdome_thunderdome'...
2024-03-29 17:52:15.626    app     info:    [scheduler] Starting scheduler background
2024-03-29 17:52:15.649    app    error:    (node:13384) MaxListenersExceededWarning: Possible EventEmitter memory leak detected. 11 scheduler/triggered listeners added to [IpcMainImpl]. Use emitter.setMaxListeners() to increase limit
(Use `eve-online --trace-warnings ...` to show where the warning was created)    []
2024-03-29 17:52:15.661    app     info:    [shared-cache] Processed 0 profiles from disk
2024-03-29 17:52:15.680    app     info:    [steam-auth] Steam startup detected
2024-03-29 17:52:15.687    app     info:    [authentication] Generated login URL with state 'GfUo9lHLVzPDO6xMiO7oM9l28blDgOZP_PurH7vwKzo' for 'tranquility' using clientID 'eveLauncherTQ'
2024-03-29 17:52:15.688    app     info:    [third-party-authentications] Done checking third party startups
2024-03-29 17:52:15.712    app     info:    [first-run] Application has been run before: 2024-03-28T11:50:09.863Z
2024-03-29 17:52:15.765    app     info:    [cache-protocol] Found 0 entries to remove
2024-03-29 17:52:15.766    app     info:    [cache-protocol] Nothing to clean up.
2024-03-29 17:52:15.810    app     info:    [server-manager] Starting refresh cycle for eve-online / Tranquility
2024-03-29 17:52:15.845    app     info:    [elg-events] Event sent    type.evetech.net/eve_launcher.electron.application.LauncherStarted
2024-03-29 17:52:15.846    app     info:    [elg-events] Event sent    type.evetech.net/eve_launcher.electron.application.PdmLoaded
2024-03-29 17:52:15.847    app     info:    [elg-events] Event sent    type.evetech.net/eve_launcher.electron.application.CoreDataLoaded
2024-03-29 17:52:15.867    app     info:    [customer-information] Agreements have been updated
2024-03-29 17:52:15.880    app     info:    [customer-information] Agreements have been updated
2024-03-29 17:52:15.889    app     info:    info: [LaunchDarkly] LaunchDarkly client initialized    []
2024-03-29 17:52:15.890    app     info:    info: [LaunchDarkly] Opening stream connection to https://clientstream.launchdarkly.com/eval/64c3d12e27a4b11365012d39/eyJrZXkiOiI0YTQzNmFkYi00Yjk5LTQwYTctODViMC00MmUyMDZmNDEyODYiLCJraW5kIjoidXNlciIsImN1c3RvbSI6eyJpc0ZpcnN0UnVuIjpmYWxzZSwiZGF5c1NpbmNlRmlyc3RSdW4iOjEsImxhbmd1YWdlIjoiZW4iLCJhcHBsaWNhdGlvbiI6ImV2ZS1vbmxpbmUiLCJ2ZXJzaW9uIjoiMS4zLjMiLCJwbGF0Zm9ybSI6IndpbmRvd3MiLCJpc0dlRm9yY2VOb3ciOmZhbHNlLCJvc1ZlcnNpb25EZXByZWNhdGVkIjpmYWxzZSwidXNlcklkcyI6WzE2NDkyMzc3LDE3NTUwOTkzLDIxMTAzMTEsMjk3OTc2NTBdLCJvbWVnYUNvdW50IjowLCJhbHBoYUNvdW50IjoxNSwiYWNjb3VudENvdW50IjoxNSwib2xkZXN0QWNjb3VudEFnZSI6NjEwNywieW91bmdlc3RBY2NvdW50QWdlIjowfX0?withReasons=true    []
2024-03-29 17:52:15.892    app     info:    [feature-flags] Client 4a436adb... ready, fetching flags
2024-03-29 17:52:15.893    app     info:    [self-update] Auto-updating is now enabled
2024-03-29 17:52:15.896    app     info:    [feature-flags] Received 27 flags for client 4a436adb...
2024-03-29 17:52:15.897    app     info:    [feature-flags] Client initialized with key 4a436adb...
2024-03-29 17:52:15.900    app     info:    [self-update] Configuring update feed.
2024-03-29 17:52:15.900    app     info:    [self-update] Update feed set to: https://launcher.ccpgames.com/eve-online/release/win32/x64/
2024-03-29 17:52:15.900    app     info:    [self-update] Auto-updating is now enabled
2024-03-29 17:52:15.901    app     info:    [customer-information] Getting character information for '29795975' on 'tranquility'
2024-03-29 17:52:15.901    app     info:    [customer-information] Getting character information for '29797650' on 'tranquility'
2024-03-29 17:52:15.902    app     info:    [customer-information] Getting Omega status for '29795975' on 'tranquility'
2024-03-29 17:52:15.902    app     info:    [customer-information] Getting Omega status for '29797650' on 'tranquility'
2024-03-29 17:52:15.902    app     info:    [virtual-goods] Getting Plex status for '29795975' on 'tranquility'
2024-03-29 17:52:15.902    app     info:    [virtual-goods] Getting Plex status for '29797650' on 'tranquility'
2024-03-29 17:52:15.970    app     info:    [server-manager] Previous Tranquility build: 2532064, current build: 2532064
2024-03-29 17:52:15.971    app     info:    [server-manager] Tranquility build is unchanged.
2024-03-29 17:52:15.980    app     info:    [server-manager] Ready to play!
2024-03-29 17:52:15.986    app     info:    [server-manager] Finished refresh cycle for Tranquility
2024-03-29 17:52:15.992    app     info:    [authentication] Token for '29280260' on 'tranquility' has been successfully refreshed
2024-03-29 17:52:15.995    app     info:    [elg-events] Queueing event    eve_launcher.electron.authentication.UserTokensRefreshed
2024-03-29 17:52:16.018    app     info:    [elg-events] Event sent    type.evetech.net/eve_launcher.electron.authentication.UserTokensRefreshed
2024-03-29 17:52:16.018    app     info:    [customer-information] Getting character information for '29280260' on 'tranquility'
2024-03-29 17:52:16.019    app     info:    [customer-information] Getting Omega status for '29280260' on 'tranquility'
2024-03-29 17:52:16.019    app     info:    [virtual-goods] Getting Plex status for '29280260' on 'tranquility'
2024-03-29 17:52:16.022    app     info:    [authentication] Token for '17550993' on 'tranquility' has been successfully refreshed
2024-03-29 17:52:16.026    app     info:    [elg-events] Queueing event    eve_launcher.electron.authentication.UserTokensRefreshed
2024-03-29 17:52:16.046    app     info:    [AuthenticationMiddleware] User information updated
2024-03-29 17:52:16.046    app     info:    [authentication] Token for '16492377' on 'tranquility' has been successfully refreshed
2024-03-29 17:52:16.050    app     info:    [elg-events] Queueing event    eve_launcher.electron.authentication.UserTokensRefreshed
2024-03-29 17:52:16.073    app     info:    [customer-information] Getting character information for '16492377' on 'tranquility'
2024-03-29 17:52:16.074    app     info:    [customer-information] Getting Omega status for '16492377' on 'tranquility'
2024-03-29 17:52:16.074    app     info:    [virtual-goods] Getting Plex status for '16492377' on 'tranquility'
2024-03-29 17:52:16.076    app     info:    [authentication] Token for '17525312' on 'tranquility' has been successfully refreshed
2024-03-29 17:52:16.079    app     info:    [elg-events] Queueing event    eve_launcher.electron.authentication.UserTokensRefreshed
2024-03-29 17:52:16.100    app     info:    [customer-information] Getting character information for '17525312' on 'tranquility'
2024-03-29 17:52:16.101    app     info:    [customer-information] Getting Omega status for '17525312' on 'tranquility'
2024-03-29 17:52:16.101    app     info:    [virtual-goods] Getting Plex status for '17525312' on 'tranquility'
2024-03-29 17:52:16.104    app     info:    [authentication] Token for '18922386' on 'tranquility' has been successfully refreshed
2024-03-29 17:52:16.107    app     info:    [elg-events] Queueing event    eve_launcher.electron.authentication.UserTokensRefreshed
2024-03-29 17:52:16.129    app     info:    [AuthenticationMiddleware] User information updated
2024-03-29 17:52:16.129    app     info:    [authentication] Token for '23622903' on 'tranquility' has been successfully refreshed
2024-03-29 17:52:16.133    app     info:    [elg-events] Queueing event    eve_launcher.electron.authentication.UserTokensRefreshed
2024-03-29 17:52:16.154    app     info:    [customer-information] Getting character information for '23622903' on 'tranquility'
2024-03-29 17:52:16.154    app     info:    [customer-information] Getting Omega status for '23622903' on 'tranquility'
2024-03-29 17:52:16.154    app     info:    [virtual-goods] Getting Plex status for '23622903' on 'tranquility'
2024-03-29 17:52:16.156    app     info:    [authentication] Token for '29285645' on 'tranquility' has been successfully refreshed
2024-03-29 17:52:16.159    app     info:    [elg-events] Queueing event    eve_launcher.electron.authentication.UserTokensRefreshed
2024-03-29 17:52:16.179    app     info:    [customer-information] Getting character information for '29285645' on 'tranquility'
2024-03-29 17:52:16.179    app     info:    [customer-information] Getting Omega status for '29285645' on 'tranquility'
2024-03-29 17:52:16.179    app     info:    [virtual-goods] Getting Plex status for '29285645' on 'tranquility'
2024-03-29 17:52:16.181    app     info:    [authentication] Token for '25218835' on 'tranquility' has been successfully refreshed
2024-03-29 17:52:16.186    app     info:    [elg-events] Queueing event    eve_launcher.electron.authentication.UserTokensRefreshed
2024-03-29 17:52:16.209    app     info:    [AuthenticationMiddleware] User information updated
2024-03-29 17:52:16.210    app     info:    [authentication] Token for '18034259' on 'tranquility' has been successfully refreshed
2024-03-29 17:52:16.213    app     info:    [elg-events] Queueing event    eve_launcher.electron.authentication.UserTokensRefreshed
2024-03-29 17:52:16.232    app     info:    [customer-information] Getting character information for '18034259' on 'tranquility'
2024-03-29 17:52:16.233    app     info:    [customer-information] Getting Omega status for '18034259' on 'tranquility'
2024-03-29 17:52:16.233    app     info:    [virtual-goods] Getting Plex status for '18034259' on 'tranquility'
2024-03-29 17:52:16.235    app     info:    [authentication] Token for '28182799' on 'tranquility' has been successfully refreshed
2024-03-29 17:52:16.238    app     info:    [elg-events] Queueing event    eve_launcher.electron.authentication.UserTokensRefreshed
2024-03-29 17:52:16.258    app     info:    [customer-information] Getting character information for '28182799' on 'tranquility'
2024-03-29 17:52:16.258    app     info:    [customer-information] Getting Omega status for '28182799' on 'tranquility'
2024-03-29 17:52:16.259    app     info:    [virtual-goods] Getting Plex status for '28182799' on 'tranquility'
2024-03-29 17:52:16.260    app     info:    [authentication] Token for '18000247' on 'tranquility' has been successfully refreshed
2024-03-29 17:52:16.263    app     info:    [elg-events] Queueing event    eve_launcher.electron.authentication.UserTokensRefreshed
2024-03-29 17:52:16.286    app     info:    [AuthenticationMiddleware] User information updated
2024-03-29 17:52:16.287    app     info:    [authentication] Token for '2110311' on 'tranquility' has been successfully refreshed
2024-03-29 17:52:16.289    app     info:    [elg-events] Queueing event    eve_launcher.electron.authentication.UserTokensRefreshed
2024-03-29 17:52:16.308    app     info:    [customer-information] Getting character information for '2110311' on 'tranquility'
2024-03-29 17:52:16.308    app     info:    [customer-information] Getting Omega status for '2110311' on 'tranquility'
2024-03-29 17:52:16.309    app     info:    [virtual-goods] Getting Plex status for '2110311' on 'tranquility'
2024-03-29 17:52:16.312    app     info:    [elg-events] Event sent    type.evetech.net/eve_launcher.electron.authentication.UserTokensRefreshed
2024-03-29 17:52:16.321    app     info:    [virtual-goods] Fetched Plex status for '29797650' on 'tranquility'
2024-03-29 17:52:16.353    app     info:    [esi] Fetching character details for 2122197514
2024-03-29 17:52:16.364    app     info:    [virtual-goods] Fetched Plex status for '29795975' on 'tranquility'
2024-03-29 17:52:16.379    app     info:    [esi] Fetching character details for 2122199031
2024-03-29 17:52:16.396    app     info:    [elg-events] Event sent    type.evetech.net/eve_launcher.electron.authentication.UserTokensRefreshed
2024-03-29 17:52:16.398    app     info:    [authentication] Token for '26239201' on 'tranquility' has been successfully refreshed
2024-03-29 17:52:16.401    app     info:    [elg-events] Queueing event    eve_launcher.electron.authentication.UserTokensRefreshed
2024-03-29 17:52:16.418    app     info:    [AuthenticationMiddleware] Successfully restored 17 / 17 users
2024-03-29 17:52:16.418    app     info:    [AuthenticationMiddleware] User information updated
2024-03-29 17:52:16.422    app     info:    [elg-events] Event sent    type.evetech.net/eve_launcher.electron.authentication.UserTokensRefreshed
2024-03-29 17:52:16.423    app     info:    [elg-events] Event sent    type.evetech.net/eve_launcher.electron.authentication.UserTokensRefreshed
2024-03-29 17:52:16.424    app     info:    [elg-events] Event sent    type.evetech.net/eve_launcher.electron.authentication.UserTokensRefreshed
2024-03-29 17:52:16.426    app     info:    [elg-events] Event sent    type.evetech.net/eve_launcher.electron.authentication.UserTokensRefreshed
2024-03-29 17:52:16.428    app     info:    [elg-events] Event sent    type.evetech.net/eve_launcher.electron.authentication.UserTokensRefreshed
2024-03-29 17:52:16.429    app     info:    [elg-events] Event sent    type.evetech.net/eve_launcher.electron.authentication.UserTokensRefreshed
2024-03-29 17:52:16.430    app     info:    [elg-events] Event sent    type.evetech.net/eve_launcher.electron.authentication.UserTokensRefreshed
2024-03-29 17:52:16.431    app     info:    [elg-events] Event sent    type.evetech.net/eve_launcher.electron.authentication.UserTokensRefreshed
2024-03-29 17:52:16.431    app     info:    [elg-events] Event sent    type.evetech.net/eve_launcher.electron.authentication.UserTokensRefreshed
2024-03-29 17:52:16.432    app     info:    [elg-events] Event sent    type.evetech.net/eve_launcher.electron.authentication.UserTokensRefreshed
2024-03-29 17:52:16.507    app     info:    [virtual-goods] Fetched Plex status for '29285645' on 'tranquility'
2024-03-29 17:52:16.516    app     info:    [virtual-goods] Fetched Plex status for '29280260' on 'tranquility'
2024-03-29 17:52:16.528    app     info:    [virtual-goods] Fetched Plex status for '17525312' on 'tranquility'
2024-03-29 17:52:16.538    app     info:    [virtual-goods] Fetched Plex status for '2110311' on 'tranquility'
2024-03-29 17:52:16.550    app     info:    [virtual-goods] Fetched Plex status for '23622903' on 'tranquility'
2024-03-29 17:52:16.560    app     info:    [virtual-goods] Fetched Plex status for '16492377' on 'tranquility'
2024-03-29 17:52:16.583    app     info:    [esi] Fetching character details for 578564394, 2115457291
2024-03-29 17:52:16.608    app     info:    [esi] Fetching character details for 2118248041, 2121175776
2024-03-29 17:52:16.621    app     info:    [AuthenticationMiddleware] User information updated
2024-03-29 17:52:16.624    app     info:    [esi] Fetching character details for 2114656127, 2121178396
2024-03-29 17:52:16.645    app     info:    [esi] Fetching character details for 2121853336
2024-03-29 17:52:16.669    app     info:    [AuthenticationMiddleware] User information updated
2024-03-29 17:52:16.671    app     info:    [esi] Fetching character details for 2121174545
2024-03-29 17:52:16.695    app     info:    [AuthenticationMiddleware] User information updated
2024-03-29 17:52:16.699    app     info:    [esi] Fetching character details for 2121878074
2024-03-29 17:52:16.724    app     info:    [AuthenticationMiddleware] User information updated
2024-03-29 17:52:16.726    app     info:    [esi] Fetching character details for 2115031890, 2121177973
2024-03-29 17:52:16.745    app     info:    [AuthenticationMiddleware] User information updated
2024-03-29 17:52:16.747    app     info:    [esi] Fetching character details for 2113875139, 2121174871
2024-03-29 17:52:16.759    app     info:    [AuthenticationMiddleware] User information updated
2024-03-29 17:52:16.759    app     info:    [virtual-goods] Fetched Plex status for '18034259' on 'tranquility'
2024-03-29 17:52:16.781    app     info:    [AuthenticationMiddleware] User information updated
2024-03-29 17:52:16.812    app     info:    [elg-events] Queueing event    eve_launcher.electron.application.RendererLoaded
2024-03-29 17:52:16.812    app     info:    [elg-events] Event sent    type.evetech.net/eve_launcher.electron.application.RendererLoaded
2024-03-29 17:52:16.827    app     info:    [scheduler] Starting scheduler foreground
2024-03-29 17:52:16.858    app     info:    [content-delivery-trace] Fetching CDN trace data from https://binaries.eveonline.com/cdn-cgi/trace
2024-03-29 17:52:16.871    app     info:    [creatives] Requesting creatives
2024-03-29 17:52:16.889    app     info:    [main-window] Registering main window    { windowId: 2 }
2024-03-29 17:52:16.891    app     info:    [authentication-handler] Creating login window using URI https://login.eveonline.com/account/logoff?lang=en&ReturnUrl=%2Fv2%2Foauth%2Fauthorize%3Fresponse_type%3Dcode%26client_id%3DeveLauncherTQ%26scope%3DeveClientLogin%2Bcisservice.customerRead.v1%2Bcisservice.customerWrite.v1%2Bcisservice.userProfileBasic.v1%2Bvgs.transactionRead.v1%2Bvgs.marketAccess.v1%26redirect_uri%3Dhttps%253A%252F%252Flogin.eveonline.com%252Flauncher%253Fclient_id%253DeveLauncherTQ%26state%3DGfUo9lHLVzPDO6xMiO7oM9l28blDgOZP_PurH7vwKzo%26code_challenge_method%3DS256%26code_challenge%3DozGTToFMUA2bgCILaPIqqAgnbnj5V4_thA6m5cI8OIE%26steam_ticket%3D14000000cc7ca723944c885d1bd7f11a01001001bfff066618000000010000000200000028b2c629d3eed38fb864000001000000b200000032000000040000001bd7f11a0100100134210000726473b0ad01a8c0000000005a570566da06216601002f220200000000004e6c315e8673ffcaf8efa67467ae7785db04f9e2e66eb066e63b10a454708c2ec5fe55655c5a09ba5af247239d8aadc0d446465661c4563b86b4bce4ffa04211f3dbee3b05fca8a8bc53feeceed39c66b41dd321b01a7aff49f46fb32e2f082de8a1b7a222e470f92c886bf8bba78d47e94ca14cad73aba7619e757449686f69
2024-03-29 17:52:16.918     ui     info:    [i18next] Requesting missing translation en readnought title title    ccp://launcher/renderer/main_window/index.js    2
2024-03-29 17:52:16.928    app     info:    [virtual-goods] Fetched Plex status for '28182799' on 'tranquility'
2024-03-29 17:52:16.937    app     info:    [AuthenticationMiddleware] User information updated
2024-03-29 17:52:16.992    app     info:    [jukebox] Fetched 2 jukebox playlists
2024-03-29 17:52:17.073    app     info:    [creatives] Received 3 creatives
2024-03-29 17:52:17.132    app     info:    [esi] Fetched 1 character details for 29797650
2024-03-29 17:52:17.144    app     info:    [esi] Fetched 1 character details for 29795975
2024-03-29 17:52:17.277    app     info:    [esi] Fetched 2 character details for 2110311
2024-03-29 17:52:17.316    app     info:    [esi] Fetched 1 character details for 28182799
2024-03-29 17:52:17.322    app     info:    [esi] Fetched 2 character details for 17525312
2024-03-29 17:52:17.325    app     info:    [esi] Fetched 2 character details for 16492377
2024-03-29 17:52:17.333    app     info:    [esi] Fetched 2 character details for 18034259
2024-03-29 17:52:17.347    app     info:    [esi] Fetched 2 character details for 23622903
2024-03-29 17:52:17.372    app     info:    [esi] Fetched 1 character details for 29280260
2024-03-29 17:52:17.606    app     info:    [elg-events] Queueing event    eve_launcher.electron.authentication.UserAuthenticated
2024-03-29 17:52:17.607    app     info:    [authentication-handler] Navigation to login completed, receiving code & state    {
  state: 'GfUo9lHLVzPDO6xMiO7oM9l28blDgOZP_PurH7vwKzo',
  code: 'rWK3rBHAkEiRJjccHbO7Qw'
}
2024-03-29 17:52:17.611    app     info:    [elg-events] Queueing event    eve_launcher.electron.authentication.LoginWindowClosed
2024-03-29 17:52:17.619    app     info:    [elg-events] Event sent    type.evetech.net/eve_launcher.electron.authentication.UserAuthenticated
2024-03-29 17:52:17.624    app     info:    [elg-events] Event sent    type.evetech.net/eve_launcher.electron.authentication.LoginWindowClosed
2024-03-29 17:52:17.709    app     info:    [esi] Fetched 1 character details for 29285645
2024-03-29 17:52:17.736    app     info:    [elg-events] Queueing event    eve_launcher.electron.authentication.UserTokensReceived
2024-03-29 17:52:17.760    app     info:    [elg-events] Event sent    type.evetech.net/eve_launcher.electron.authentication.UserTokensReceived
2024-03-29 17:52:17.784    app     info:    [AuthenticationMiddleware] User information updated
2024-03-29 17:52:19.036     ui     info:    Initializing captcha    ccp://launcher/renderer/main_window/index.js    2
2024-03-29 17:52:19.624     ui     warn:    Deprecated API for given entry type.    https://www.gstatic.com/recaptcha/releases/moV1mTgQ6S91nuTnmll4Y9yf/recaptcha__en.js    536
2024-03-29 17:52:19.993    app     info:    [analytics] Hardware rendering enabled:    true    { disabledViaCommandline: false, disabledViaSettings: false }
2024-03-29 17:52:21.854    app     info:    [self-update] Checking for application updates.
2024-03-29 17:52:22.259    app     info:    [self-update] No application updates were found.
2024-03-29 17:52:25.213    app     info:    [client-queue] Queued client startup    {
  product: 'eve-online',
  tenant: 'tranquility',
  userId: 17550993,
  characterId: 2114676119,
  profile: ''
}
2024-03-29 17:52:25.217    app     info:    [elg-events] Queueing event    eve_launcher.electron.eve_client.ClientQueued
2024-03-29 17:52:25.218    app     info:    [client-queue] No clients running for tranquility, copying files before starting a client
2024-03-29 17:52:25.218    app     info:    [elg-events] Event sent    type.evetech.net/eve_launcher.electron.eve_client.ClientQueued
2024-03-29 17:52:25.226    app     info:    [elg-events] Queueing event    eve_launcher.electron.eve_client.CopyingFilesStarted
2024-03-29 17:52:25.226    app     info:    [binary-copier] Copying 195 files (230 MB) to 'C:\CCP\EVE Online\tq'
2024-03-29 17:52:25.227    app     info:    [elg-events] Event sent    type.evetech.net/eve_launcher.electron.eve_client.CopyingFilesStarted
2024-03-29 17:52:25.250    app     info:    [binary-copier] Removing old binaries
2024-03-29 17:52:25.272    app     info:    [binary-copier] Copying binaries from ResFiles
2024-03-29 17:52:25.724    app     info:    [binary-copier] Finished copying 195 files to 'C:\CCP\EVE Online\tq' in 0.501 seconds
2024-03-29 17:52:25.728    app     info:    [elg-events] Queueing event    eve_launcher.electron.eve_client.CopyingFilesFinished
2024-03-29 17:52:25.728    app     info:    [elg-events] Event sent    type.evetech.net/eve_launcher.electron.eve_client.CopyingFilesFinished
2024-03-29 17:52:25.739    app     info:    [client-manager] Starting EVE Online game client.    C:\CCP\EVE Online\tq\bin64\exefile.exe    [
  '/noconsole',
  '/server:tranquility.servers.eveonline.com',
  '/ssoToken=***',
  '/refreshToken=***',
  '/settingsprofile=Default',
  '/language=en',
  '/triplatform=dx12',
  '/steamUser',
  '/deviceID=***',
  '/machineHash=***',
  '/autoSelectCharacter:2114676119',
  'exp=1711735334',
  'tokenExpires=2024-03-29 20:02:14.000'
]    17550993
2024-03-29 17:52:25.743    app     info:    [elg-events] Queueing event    eve_launcher.electron.eve_client.GameClientStartRequested
2024-03-29 17:52:25.762    app     info:    [elg-events] Queueing event    eve_launcher.electron.eve_client.TemporaryClientProcessAdded
2024-03-29 17:52:25.768    app     info:    [client-manager] Found 'tranquility' client for '17550993' running:     {
  processId: 13628,
  createdDate: 1711734745751,
  userId: 17550993,
  characterId: 2114676119,
  profile: 'Default',
  dxVersion: 'dx12'
}
2024-03-29 17:52:25.782    app     info:    [elg-events] Queueing event    eve_launcher.electron.eve_client.GameClientStarted
2024-03-29 17:52:25.793    app     info:    [elg-events] Queueing event    eve_launcher.electron.eve_client.TemporaryClientProcessRemoved
2024-03-29 17:52:25.793    app     info:    [elg-events] Event sent    type.evetech.net/eve_launcher.electron.eve_client.GameClientStartRequested
2024-03-29 17:52:25.793    app     info:    [client-queue] Started client from group startup    {
  product: 'eve-online',
  tenant: 'tranquility',
  characterId: 2114676119,
  profile: '',
  userId: 17550993
}
2024-03-29 17:52:25.801    app     info:    [elg-events] Event sent    type.evetech.net/eve_launcher.electron.eve_client.TemporaryClientProcessAdded
2024-03-29 17:52:25.802    app     info:    [elg-events] Event sent    type.evetech.net/eve_launcher.electron.eve_client.GameClientStarted
2024-03-29 17:52:25.803    app     info:    [elg-events] Event sent    type.evetech.net/eve_launcher.electron.eve_client.TemporaryClientProcessRemoved
2024-03-29 17:52:26.296    app     info:    [elg-events] Queueing event    eve_launcher.electron.eve_client.TemporaryClientProcessMonitoringStopped
2024-03-29 17:52:26.297    app     info:    [elg-events] Event sent    type.evetech.net/eve_launcher.electron.eve_client.TemporaryClientProcessMonitoringStopped
2024-03-29 17:52:26.812    app     info:    [client-queue] Queue has stopped running, no more clients pending startup.
2024-03-29 17:52:45.840    app     warn:    Could not connect to LogLite    [
  Error: connect ECONNREFUSED 127.0.0.1:3273
      at TCPConnectWrap.afterConnect [as oncomplete] (node:net:1247:16) {
    errno: -4078,
    code: 'ECONNREFUSED',
    syscall: 'connect',
    address: '127.0.0.1',
    port: 3273
  }
]
2024-03-29 17:57:15.988    app     info:    [server-manager] Starting refresh cycle for eve-online / Tranquility
2024-03-29 17:57:16.158    app     info:    [server-manager] Previous Tranquility build: 2532064, current build: 2532064
2024-03-29 17:57:16.158    app     info:    [server-manager] Tranquility build is unchanged.
2024-03-29 17:57:16.167    app     info:    [server-manager] Ready to play!
2024-03-29 17:57:16.174    app     info:    [server-manager] Finished refresh cycle for Tranquility
2024-03-29 17:57:21.856    app     info:    [self-update] Checking for application updates.
2024-03-29 17:57:22.238    app     info:    [self-update] No application updates were found.
2024-03-29 18:02:16.178    app     info:    [server-manager] Starting refresh cycle for eve-online / Tranquility
2024-03-29 18:02:16.363    app     info:    [server-manager] Previous Tranquility build: 2532064, current build: 2532064
2024-03-29 18:02:16.363    app     info:    [server-manager] Tranquility build is unchanged.
2024-03-29 18:02:16.373    app     info:    [server-manager] Ready to play!
2024-03-29 18:02:16.380    app     info:    [server-manager] Finished refresh cycle for Tranquility
2024-03-29 18:02:21.857    app     info:    [self-update] Checking for application updates.
2024-03-29 18:02:22.220    app     info:    [self-update] No application updates were found.
2024-03-29 18:07:16.384    app     info:    [server-manager] Starting refresh cycle for eve-online / Tranquility
2024-03-29 18:07:16.536    app     info:    [server-manager] Previous Tranquility build: 2532064, current build: 2532064
2024-03-29 18:07:16.537    app     info:    [server-manager] Tranquility build is unchanged.
2024-03-29 18:07:16.546    app     info:    [server-manager] Ready to play!
2024-03-29 18:07:16.552    app     info:    [server-manager] Finished refresh cycle for Tranquility
2024-03-29 18:07:21.863    app     info:    [self-update] Checking for application updates.
2024-03-29 18:07:22.228    app     info:    [self-update] No application updates were found.
2024-03-29 18:12:16.555    app     info:    [server-manager] Starting refresh cycle for eve-online / Tranquility
2024-03-29 18:12:16.694    app     info:    [server-manager] Previous Tranquility build: 2532064, current build: 2532064
2024-03-29 18:12:16.694    app     info:    [server-manager] Tranquility build is unchanged.
2024-03-29 18:12:16.704    app     info:    [server-manager] Ready to play!
2024-03-29 18:12:16.710    app     info:    [server-manager] Finished refresh cycle for Tranquility
2024-03-29 18:12:21.860    app     info:    [self-update] Checking for application updates.
2024-03-29 18:12:22.221    app     info:    [self-update] No application updates were found.
2024-03-29 18:13:16.844    app     info:    [authentication] Token for '17550993' on 'tranquility' is expired, refresh is required
2024-03-29 18:13:16.844    app     info:    [authentication] Refreshing token for '17550993' on 'tranquility'
2024-03-29 18:13:16.976    app     info:    [authentication] Token for '17550993' on 'tranquility' has been successfully refreshed
2024-03-29 18:13:16.979    app     info:    [elg-events] Queueing event    eve_launcher.electron.authentication.UserTokensRefreshed
2024-03-29 18:13:17.000    app     info:    [customer-information] Getting character information for '17550993' on 'tranquility'
2024-03-29 18:13:17.001    app     info:    [customer-information] Getting Omega status for '17550993' on 'tranquility'
2024-03-29 18:13:17.001    app     info:    [virtual-goods] Getting Plex status for '17550993' on 'tranquility'
2024-03-29 18:13:17.001    app     info:    [customer-information] Getting character information for '17550993' on 'tranquility'
2024-03-29 18:13:17.002    app     info:    [customer-information] Getting Omega status for '17550993' on 'tranquility'
2024-03-29 18:13:17.003    app     info:    [virtual-goods] Getting Plex status for '17550993' on 'tranquility'
2024-03-29 18:13:17.100    app     info:    [virtual-goods] Fetched Plex status for '17550993' on 'tranquility'
2024-03-29 18:13:17.115    app     info:    [virtual-goods] Fetched Plex status for '17550993' on 'tranquility'
2024-03-29 18:13:17.132    app     info:    [esi] Fetching character details for 2114676119
2024-03-29 18:13:17.155    app     info:    [esi] Fetching character details for 2114676119
2024-03-29 18:13:17.181    app     info:    [AuthenticationMiddleware] User information updated
2024-03-29 18:13:17.184    app     info:    [elg-events] Event sent    type.evetech.net/eve_launcher.electron.authentication.UserTokensRefreshed
2024-03-29 18:13:17.474    app     info:    [esi] Fetched 1 character details for 17550993
2024-03-29 18:13:17.511    app     info:    [esi] Fetched 1 character details for 17550993
2024-03-29 18:17:16.715    app     info:    [server-manager] Starting refresh cycle for eve-online / Tranquility
2024-03-29 18:17:16.856    app     info:    [server-manager] Previous Tranquility build: 2532064, current build: 2532064
2024-03-29 18:17:16.857    app     info:    [server-manager] Tranquility build is unchanged.
2024-03-29 18:17:16.866    app     info:    [server-manager] Ready to play!
2024-03-29 18:17:16.874    app     info:    [server-manager] Finished refresh cycle for Tranquility
2024-03-29 18:17:21.863    app     info:    [self-update] Checking for application updates.
2024-03-29 18:17:22.242    app     info:    [self-update] No application updates were found.
2024-03-29 18:19:33.603    app     info:    [client-manager] 'tranquility' for EVE game client for '17550993' exited with no errors.
2024-03-29 18:19:33.607    app     info:    [elg-events] Queueing event    eve_launcher.electron.eve_client.GameClientExited
2024-03-29 18:19:33.622    app     info:    [server-manager] Starting refresh cycle for eve-online / Tranquility
2024-03-29 18:19:33.627    app     info:    [elg-events] Event sent    type.evetech.net/eve_launcher.electron.eve_client.GameClientExited
2024-03-29 18:19:33.759    app     info:    [server-manager] Previous Tranquility build: 2532064, current build: 2532064
2024-03-29 18:19:33.759    app     info:    [server-manager] Tranquility build is unchanged.
2024-03-29 18:19:33.769    app     info:    [server-manager] Ready to play!
2024-03-29 18:19:33.776    app     info:    [server-manager] Finished refresh cycle for Tranquility
2024-03-29 18:19:45.928    app     info:    [client-queue] Queued client startup    {
  product: 'eve-online',
  tenant: 'tranquility',
  userId: 16492377,
  characterId: 2121174871,
  profile: ''
}
2024-03-29 18:19:45.931    app     info:    [elg-events] Queueing event    eve_launcher.electron.eve_client.ClientQueued
2024-03-29 18:19:45.932    app     info:    [client-queue] No clients running for tranquility, copying files before starting a client
2024-03-29 18:19:45.932    app     info:    [elg-events] Event sent    type.evetech.net/eve_launcher.electron.eve_client.ClientQueued
2024-03-29 18:19:45.939    app     info:    [elg-events] Queueing event    eve_launcher.electron.eve_client.CopyingFilesStarted
2024-03-29 18:19:45.939    app     info:    [binary-copier] Copying 195 files (230 MB) to 'C:\CCP\EVE Online\tq'
2024-03-29 18:19:45.940    app     info:    [elg-events] Event sent    type.evetech.net/eve_launcher.electron.eve_client.CopyingFilesStarted
2024-03-29 18:19:45.964    app     info:    [binary-copier] Removing old binaries
2024-03-29 18:19:45.982    app     info:    [binary-copier] Copying binaries from ResFiles
2024-03-29 18:19:46.439    app     info:    [binary-copier] Finished copying 195 files to 'C:\CCP\EVE Online\tq' in 0.504 seconds
2024-03-29 18:19:46.443    app     info:    [elg-events] Queueing event    eve_launcher.electron.eve_client.CopyingFilesFinished
2024-03-29 18:19:46.443    app     info:    [elg-events] Event sent    type.evetech.net/eve_launcher.electron.eve_client.CopyingFilesFinished
2024-03-29 18:19:46.450    app     info:    [authentication] Token for '16492377' on 'tranquility' is expired, refresh is required
2024-03-29 18:19:46.450    app     info:    [authentication] Refreshing token for '16492377' on 'tranquility'
2024-03-29 18:19:46.611    app     info:    [authentication] Token for '16492377' on 'tranquility' has been successfully refreshed
2024-03-29 18:19:46.617    app     info:    [elg-events] Queueing event    eve_launcher.electron.authentication.UserTokensRefreshed
2024-03-29 18:19:46.636    app     info:    [elg-events] Event sent    type.evetech.net/eve_launcher.electron.authentication.UserTokensRefreshed
2024-03-29 18:19:46.637    app     info:    [client-manager] Starting EVE Online game client.    C:\CCP\EVE Online\tq\bin64\exefile.exe    [
  '/noconsole',
  '/server:tranquility.servers.eveonline.com',
  '/ssoToken=***',
  '/refreshToken=***',
  '/settingsprofile=Default',
  '/language=en',
  '/triplatform=dx12',
  '/steamUser',
  '/deviceID=***',
  '/machineHash=***',
  '/autoSelectCharacter:2121174871',
  'exp=1711736985',
  'tokenExpires=2024-03-29 20:29:45.000'
]    16492377
2024-03-29 18:19:46.641    app     info:    [elg-events] Queueing event    eve_launcher.electron.eve_client.GameClientStartRequested
2024-03-29 18:19:46.663    app     info:    [elg-events] Queueing event    eve_launcher.electron.eve_client.TemporaryClientProcessAdded
2024-03-29 18:19:46.667    app     info:    [client-manager] Found 'tranquility' client for '16492377' running:     {
  processId: 3780,
  createdDate: 1711736386651,
  userId: 16492377,
  characterId: 2121174871,
  profile: 'Default',
  dxVersion: 'dx12'
}
2024-03-29 18:19:46.682    app     info:    [elg-events] Queueing event    eve_launcher.electron.eve_client.GameClientStarted
2024-03-29 18:19:46.692    app     info:    [elg-events] Queueing event    eve_launcher.electron.eve_client.TemporaryClientProcessRemoved
2024-03-29 18:19:46.692    app     info:    [client-queue] Started client from group startup    {
  product: 'eve-online',
  tenant: 'tranquility',
  characterId: 2121174871,
  profile: '',
  userId: 16492377
}
2024-03-29 18:19:46.699    app     info:    [AuthenticationMiddleware] User information updated
2024-03-29 18:19:46.699    app     info:    [elg-events] Event sent    type.evetech.net/eve_launcher.electron.eve_client.GameClientStartRequested
2024-03-29 18:19:46.700    app     info:    [elg-events] Event sent    type.evetech.net/eve_launcher.electron.eve_client.TemporaryClientProcessAdded
2024-03-29 18:19:46.700    app     info:    [elg-events] Event sent    type.evetech.net/eve_launcher.electron.eve_client.GameClientStarted
2024-03-29 18:19:46.700    app     info:    [elg-events] Event sent    type.evetech.net/eve_launcher.electron.eve_client.TemporaryClientProcessRemoved
2024-03-29 18:19:47.200    app     info:    [elg-events] Queueing event    eve_launcher.electron.eve_client.TemporaryClientProcessMonitoringStopped
2024-03-29 18:19:47.201    app     info:    [elg-events] Event sent    type.evetech.net/eve_launcher.electron.eve_client.TemporaryClientProcessMonitoringStopped
2024-03-29 18:19:47.702    app     info:    [client-queue] Queue has stopped running, no more clients pending startup.
2024-03-29 18:19:53.367    app     info:    [scheduler] Stopped scheduler foreground
2024-03-29 18:19:53.368    app     info:    [ipc-requests] Handling requests in the background
2024-03-29 18:19:54.369    app     info:    [ipc-requests] No longer handling requests in the background
2024-03-29 18:20:09.663    app     info:    [scheduler] Starting scheduler foreground
2024-03-29 18:20:31.468    app     info:    [client-manager] 'tranquility' for EVE game client for '16492377' exited with no errors.
2024-03-29 18:20:31.473    app     info:    [elg-events] Queueing event    eve_launcher.electron.eve_client.GameClientExited
2024-03-29 18:20:31.487    app     info:    [server-manager] Starting refresh cycle for eve-online / Tranquility
2024-03-29 18:20:31.492    app     info:    [elg-events] Event sent    type.evetech.net/eve_launcher.electron.eve_client.GameClientExited
2024-03-29 18:20:31.693    app     info:    [server-manager] Previous Tranquility build: 2532064, current build: 2532064
2024-03-29 18:20:31.693    app     info:    [server-manager] Tranquility build is unchanged.
2024-03-29 18:20:31.703    app     info:    [server-manager] Ready to play!
2024-03-29 18:20:31.711    app     info:    [server-manager] Finished refresh cycle for Tranquility
2024-03-29 18:20:40.759    app     info:    [client-queue] Queued client startup    {
  product: 'eve-online',
  tenant: 'tranquility',
  userId: 29280260,
  characterId: 2121853336,
  profile: ''
}
2024-03-29 18:20:40.763    app     info:    [elg-events] Queueing event    eve_launcher.electron.eve_client.ClientQueued
2024-03-29 18:20:40.763    app     info:    [client-queue] No clients running for tranquility, copying files before starting a client
2024-03-29 18:20:40.764    app     info:    [elg-events] Event sent    type.evetech.net/eve_launcher.electron.eve_client.ClientQueued
2024-03-29 18:20:40.770    app     info:    [elg-events] Queueing event    eve_launcher.electron.eve_client.CopyingFilesStarted
2024-03-29 18:20:40.771    app     info:    [binary-copier] Copying 195 files (230 MB) to 'C:\CCP\EVE Online\tq'
2024-03-29 18:20:40.771    app     info:    [elg-events] Event sent    type.evetech.net/eve_launcher.electron.eve_client.CopyingFilesStarted
2024-03-29 18:20:40.794    app     info:    [binary-copier] Removing old binaries
2024-03-29 18:20:40.818    app     info:    [binary-copier] Copying binaries from ResFiles
2024-03-29 18:20:41.280    app     info:    [binary-copier] Finished copying 195 files to 'C:\CCP\EVE Online\tq' in 0.514 seconds
2024-03-29 18:20:41.283    app     info:    [elg-events] Queueing event    eve_launcher.electron.eve_client.CopyingFilesFinished
2024-03-29 18:20:41.283    app     info:    [elg-events] Event sent    type.evetech.net/eve_launcher.electron.eve_client.CopyingFilesFinished
2024-03-29 18:20:41.290    app     info:    [authentication] Token for '29280260' on 'tranquility' is expired, refresh is required
2024-03-29 18:20:41.291    app     info:    [authentication] Refreshing token for '29280260' on 'tranquility'
2024-03-29 18:20:41.464    app     info:    [authentication] Token for '29280260' on 'tranquility' has been successfully refreshed
2024-03-29 18:20:41.470    app     info:    [elg-events] Queueing event    eve_launcher.electron.authentication.UserTokensRefreshed
2024-03-29 18:20:41.495    app     info:    [elg-events] Event sent    type.evetech.net/eve_launcher.electron.authentication.UserTokensRefreshed
2024-03-29 18:20:41.496    app     info:    [client-manager] Starting EVE Online game client.    C:\CCP\EVE Online\tq\bin64\exefile.exe    [
  '/noconsole',
  '/server:tranquility.servers.eveonline.com',
  '/ssoToken=***',
  '/refreshToken=***',
  '/settingsprofile=Default',
  '/language=en',
  '/triplatform=dx12',
  '/steamUser',
  '/deviceID=***',
  '/machineHash=***',
  '/autoSelectCharacter:2121853336',
  'exp=1711737040',
  'tokenExpires=2024-03-29 20:30:40.000'
]    29280260
2024-03-29 18:20:41.500    app     info:    [elg-events] Queueing event    eve_launcher.electron.eve_client.GameClientStartRequested
2024-03-29 18:20:41.521    app     info:    [elg-events] Queueing event    eve_launcher.electron.eve_client.TemporaryClientProcessAdded
2024-03-29 18:20:41.526    app     info:    [client-manager] Found 'tranquility' client for '29280260' running:     {
  processId: 2400,
  createdDate: 1711736441508,
  userId: 29280260,
  characterId: 2121853336,
  profile: 'Default',
  dxVersion: 'dx12'
}
2024-03-29 18:20:41.539    app     info:    [elg-events] Queueing event    eve_launcher.electron.eve_client.GameClientStarted
2024-03-29 18:20:41.549    app     info:    [elg-events] Queueing event    eve_launcher.electron.eve_client.TemporaryClientProcessRemoved
2024-03-29 18:20:41.549    app     info:    [client-queue] Started client from group startup    {
  product: 'eve-online',
  tenant: 'tranquility',
  characterId: 2121853336,
  profile: '',
  userId: 29280260
}
2024-03-29 18:20:41.556    app     info:    [AuthenticationMiddleware] User information updated
2024-03-29 18:20:41.557    app     info:    [elg-events] Event sent    type.evetech.net/eve_launcher.electron.eve_client.GameClientStartRequested
2024-03-29 18:20:41.557    app     info:    [elg-events] Event sent    type.evetech.net/eve_launcher.electron.eve_client.TemporaryClientProcessAdded
2024-03-29 18:20:41.558    app     info:    [elg-events] Event sent    type.evetech.net/eve_launcher.electron.eve_client.GameClientStarted
2024-03-29 18:20:41.559    app     info:    [elg-events] Event sent    type.evetech.net/eve_launcher.electron.eve_client.TemporaryClientProcessRemoved
2024-03-29 18:20:42.058    app     info:    [elg-events] Queueing event    eve_launcher.electron.eve_client.TemporaryClientProcessMonitoringStopped
2024-03-29 18:20:42.058    app     info:    [elg-events] Event sent    type.evetech.net/eve_launcher.electron.eve_client.TemporaryClientProcessMonitoringStopped
2024-03-29 18:20:42.559    app     info:    [client-queue] Queue has stopped running, no more clients pending startup.
2024-03-29 18:22:21.869    app     info:    [self-update] Checking for application updates.
2024-03-29 18:22:22.771    app     info:    [self-update] No application updates were found.
2024-03-29 18:25:31.714    app     info:    [server-manager] Starting refresh cycle for eve-online / Tranquility
2024-03-29 18:25:31.873    app     info:    [server-manager] Previous Tranquility build: 2532064, current build: 2532064
2024-03-29 18:25:31.873    app     info:    [server-manager] Tranquility build is unchanged.
2024-03-29 18:25:31.882    app     info:    [server-manager] Ready to play!
2024-03-29 18:25:31.888    app     info:    [server-manager] Finished refresh cycle for Tranquility
2024-03-29 18:26:55.513    app     info:    [client-manager] 'tranquility' for EVE game client for '29280260' exited with no errors.
2024-03-29 18:26:55.517    app     info:    [elg-events] Queueing event    eve_launcher.electron.eve_client.GameClientExited
2024-03-29 18:26:55.530    app     info:    [server-manager] Starting refresh cycle for eve-online / Tranquility
2024-03-29 18:26:55.534    app     info:    [elg-events] Event sent    type.evetech.net/eve_launcher.electron.eve_client.GameClientExited
2024-03-29 18:26:55.663    app     info:    [server-manager] Previous Tranquility build: 2532064, current build: 2532064
2024-03-29 18:26:55.663    app     info:    [server-manager] Tranquility build is unchanged.
2024-03-29 18:26:55.673    app     info:    [server-manager] Ready to play!
2024-03-29 18:26:55.680    app     info:    [server-manager] Finished refresh cycle for Tranquility
2024-03-29 18:27:01.743    app     info:    [ipc-requests] Product has changed to 'eve-vanguard'
2024-03-29 18:27:03.366    app     info:    [ipc-requests] Product has changed to 'eve-online'
2024-03-29 18:27:03.369    app     info:    [server-manager] Starting refresh cycle for eve-online / Tranquility
2024-03-29 18:27:03.526    app     info:    [server-manager] Previous Tranquility build: 2532064, current build: 2532064
2024-03-29 18:27:03.526    app     info:    [server-manager] Tranquility build is unchanged.
2024-03-29 18:27:03.536    app     info:    [server-manager] Ready to play!
2024-03-29 18:27:03.542    app     info:    [server-manager] Finished refresh cycle for Tranquility
2024-03-29 18:27:04.222    app     info:    [client-queue] Queued client startup    {
  product: 'eve-online',
  tenant: 'tranquility',
  userId: 16492377,
  characterId: 2121174871,
  profile: ''
}
2024-03-29 18:27:04.226    app     info:    [elg-events] Queueing event    eve_launcher.electron.eve_client.ClientQueued
2024-03-29 18:27:04.226    app     info:    [client-queue] No clients running for tranquility, copying files before starting a client
2024-03-29 18:27:04.226    app     info:    [elg-events] Event sent    type.evetech.net/eve_launcher.electron.eve_client.ClientQueued
2024-03-29 18:27:04.233    app     info:    [elg-events] Queueing event    eve_launcher.electron.eve_client.CopyingFilesStarted
2024-03-29 18:27:04.233    app     info:    [binary-copier] Copying 195 files (230 MB) to 'C:\CCP\EVE Online\tq'
2024-03-29 18:27:04.234    app     info:    [elg-events] Event sent    type.evetech.net/eve_launcher.electron.eve_client.CopyingFilesStarted
2024-03-29 18:27:04.254    app     info:    [binary-copier] Removing old binaries
2024-03-29 18:27:04.276    app     info:    [binary-copier] Copying binaries from ResFiles
2024-03-29 18:27:04.730    app     info:    [binary-copier] Finished copying 195 files to 'C:\CCP\EVE Online\tq' in 0.500 seconds
2024-03-29 18:27:04.734    app     info:    [elg-events] Queueing event    eve_launcher.electron.eve_client.CopyingFilesFinished
2024-03-29 18:27:04.734    app     info:    [elg-events] Event sent    type.evetech.net/eve_launcher.electron.eve_client.CopyingFilesFinished
2024-03-29 18:27:04.742    app     info:    [client-manager] Starting EVE Online game client.    C:\CCP\EVE Online\tq\bin64\exefile.exe    [
  '/noconsole',
  '/server:tranquility.servers.eveonline.com',
  '/ssoToken=***',
  '/refreshToken=***',
  '/settingsprofile=Default',
  '/language=en',
  '/triplatform=dx12',
  '/steamUser',
  '/deviceID=***',
  '/machineHash=***',
  '/autoSelectCharacter:2121174871',
  'exp=1711736985',
  'tokenExpires=2024-03-29 20:29:45.000'
]    16492377
2024-03-29 18:27:04.746    app     info:    [elg-events] Queueing event    eve_launcher.electron.eve_client.GameClientStartRequested
2024-03-29 18:27:04.768    app     info:    [elg-events] Queueing event    eve_launcher.electron.eve_client.TemporaryClientProcessAdded
2024-03-29 18:27:04.772    app     info:    [client-manager] Found 'tranquility' client for '16492377' running:     {
  processId: 12984,
  createdDate: 1711736824757,
  userId: 16492377,
  characterId: 2121174871,
  profile: 'Default',
  dxVersion: 'dx12'
}
2024-03-29 18:27:04.789    app     info:    [elg-events] Queueing event    eve_launcher.electron.eve_client.GameClientStarted
2024-03-29 18:27:04.800    app     info:    [elg-events] Queueing event    eve_launcher.electron.eve_client.TemporaryClientProcessRemoved
2024-03-29 18:27:04.800    app     info:    [elg-events] Event sent    type.evetech.net/eve_launcher.electron.eve_client.GameClientStartRequested
2024-03-29 18:27:04.800    app     info:    [client-queue] Started client from group startup    {
  product: 'eve-online',
  tenant: 'tranquility',
  characterId: 2121174871,
  profile: '',
  userId: 16492377
}
2024-03-29 18:27:04.807    app     info:    [elg-events] Event sent    type.evetech.net/eve_launcher.electron.eve_client.TemporaryClientProcessAdded
2024-03-29 18:27:04.808    app     info:    [elg-events] Event sent    type.evetech.net/eve_launcher.electron.eve_client.GameClientStarted
2024-03-29 18:27:04.808    app     info:    [elg-events] Event sent    type.evetech.net/eve_launcher.electron.eve_client.TemporaryClientProcessRemoved
2024-03-29 18:27:05.310    app     info:    [elg-events] Queueing event    eve_launcher.electron.eve_client.TemporaryClientProcessMonitoringStopped
2024-03-29 18:27:05.311    app     info:    [elg-events] Event sent    type.evetech.net/eve_launcher.electron.eve_client.TemporaryClientProcessMonitoringStopped
2024-03-29 18:27:05.810    app     info:    [client-queue] Queue has stopped running, no more clients pending startup.
2024-03-29 18:27:21.873    app     info:    [self-update] Checking for application updates.
2024-03-29 18:27:22.418    app     info:    [self-update] No application updates were found.
2024-03-29 18:28:57.029    app     info:    [client-manager] 'tranquility' for EVE game client for '16492377' exited with no errors.
2024-03-29 18:28:57.034    app     info:    [elg-events] Queueing event    eve_launcher.electron.eve_client.GameClientExited
2024-03-29 18:28:57.048    app     info:    [server-manager] Starting refresh cycle for eve-online / Tranquility
2024-03-29 18:28:57.052    app     info:    [elg-events] Event sent    type.evetech.net/eve_launcher.electron.eve_client.GameClientExited
2024-03-29 18:28:57.212    app     info:    [server-manager] Previous Tranquility build: 2532064, current build: 2532064
2024-03-29 18:28:57.212    app     info:    [server-manager] Tranquility build is unchanged.
2024-03-29 18:28:57.223    app     info:    [server-manager] Ready to play!
2024-03-29 18:28:57.231    app     info:    [server-manager] Finished refresh cycle for Tranquility
2024-03-29 18:29:06.963    app     info:    [authentication] Token for '25218835' on 'tranquility' is expired, refresh is required
2024-03-29 18:29:06.964    app     info:    [authentication] Refreshing token for '25218835' on 'tranquility'
2024-03-29 18:29:07.145    app     info:    [authentication] Token for '25218835' on 'tranquility' has been successfully refreshed
2024-03-29 18:29:07.152    app     info:    [elg-events] Queueing event    eve_launcher.electron.authentication.UserTokensRefreshed
2024-03-29 18:29:07.177    app     info:    [customer-information] Getting character information for '25218835' on 'tranquility'
2024-03-29 18:29:07.177    app     info:    [customer-information] Getting Omega status for '25218835' on 'tranquility'
2024-03-29 18:29:07.177    app     info:    [virtual-goods] Getting Plex status for '25218835' on 'tranquility'
2024-03-29 18:29:07.178    app     info:    [customer-information] Getting character information for '25218835' on 'tranquility'
2024-03-29 18:29:07.179    app     info:    [customer-information] Getting Omega status for '25218835' on 'tranquility'
2024-03-29 18:29:07.180    app     info:    [virtual-goods] Getting Plex status for '25218835' on 'tranquility'
2024-03-29 18:29:07.208    app     info:    [elg-events] Pending events found, repopulating channel    1
2024-03-29 18:29:07.210    app     info:    [elg-events] Event sent    type.evetech.net/eve_launcher.electron.authentication.UserTokensRefreshed
2024-03-29 18:29:07.257    app     info:    [virtual-goods] Fetched Plex status for '25218835' on 'tranquility'
2024-03-29 18:29:07.275    app     info:    [virtual-goods] Fetched Plex status for '25218835' on 'tranquility'
2024-03-29 18:29:07.307    app     info:    [esi] Fetching character details for 2119361891, 2120347635
2024-03-29 18:29:07.327    app     info:    [AuthenticationMiddleware] User information updated
2024-03-29 18:29:07.345    app     info:    [esi] Fetching character details for 2119361891, 2120347635
2024-03-29 18:29:07.720    app     info:    [esi] Fetched 2 character details for 25218835
2024-03-29 18:29:07.750    app     info:    [esi] Fetched 2 character details for 25218835
2024-03-29 18:29:08.389    app     info:    [authentication] Token for '18922386' on 'tranquility' is expired, refresh is required
2024-03-29 18:29:08.389    app     info:    [authentication] Refreshing token for '18922386' on 'tranquility'
2024-03-29 18:29:08.563    app     info:    [authentication] Token for '18922386' on 'tranquility' has been successfully refreshed
2024-03-29 18:29:08.566    app     info:    [elg-events] Queueing event    eve_launcher.electron.authentication.UserTokensRefreshed
2024-03-29 18:29:08.588    app     info:    [elg-events] Event sent    type.evetech.net/eve_launcher.electron.authentication.UserTokensRefreshed
2024-03-29 18:29:08.589    app     info:    [customer-information] Getting character information for '18922386' on 'tranquility'
2024-03-29 18:29:08.589    app     info:    [customer-information] Getting Omega status for '18922386' on 'tranquility'
2024-03-29 18:29:08.589    app     info:    [virtual-goods] Getting Plex status for '18922386' on 'tranquility'
2024-03-29 18:29:08.590    app     info:    [customer-information] Getting character information for '18922386' on 'tranquility'
2024-03-29 18:29:08.590    app     info:    [customer-information] Getting Omega status for '18922386' on 'tranquility'
2024-03-29 18:29:08.591    app     info:    [virtual-goods] Getting Plex status for '18922386' on 'tranquility'
2024-03-29 18:29:08.659    app     info:    [virtual-goods] Fetched Plex status for '18922386' on 'tranquility'
2024-03-29 18:29:08.671    app     info:    [virtual-goods] Fetched Plex status for '18922386' on 'tranquility'
2024-03-29 18:29:08.708    app     info:    [esi] Fetching character details for 2115479508
2024-03-29 18:29:08.730    app     info:    [AuthenticationMiddleware] User information updated
2024-03-29 18:29:08.732    app     info:    [esi] Fetching character details for 2115479508
2024-03-29 18:29:09.047    app     info:    [esi] Fetched 1 character details for 18922386
2024-03-29 18:29:09.065    app     info:    [esi] Fetched 1 character details for 18922386
2024-03-29 18:29:09.613    app     info:    [authentication] Token for '18000247' on 'tranquility' is expired, refresh is required
2024-03-29 18:29:09.613    app     info:    [authentication] Refreshing token for '18000247' on 'tranquility'
2024-03-29 18:29:09.773    app     info:    [authentication] Token for '18000247' on 'tranquility' has been successfully refreshed
2024-03-29 18:29:09.776    app     info:    [elg-events] Queueing event    eve_launcher.electron.authentication.UserTokensRefreshed
2024-03-29 18:29:09.795    app     info:    [elg-events] Event sent    type.evetech.net/eve_launcher.electron.authentication.UserTokensRefreshed
2024-03-29 18:29:09.796    app     info:    [customer-information] Getting character information for '18000247' on 'tranquility'
2024-03-29 18:29:09.796    app     info:    [customer-information] Getting Omega status for '18000247' on 'tranquility'
2024-03-29 18:29:09.796    app     info:    [virtual-goods] Getting Plex status for '18000247' on 'tranquility'
2024-03-29 18:29:09.796    app     info:    [customer-information] Getting character information for '18000247' on 'tranquility'
2024-03-29 18:29:09.797    app     info:    [customer-information] Getting Omega status for '18000247' on 'tranquility'
2024-03-29 18:29:09.798    app     info:    [virtual-goods] Getting Plex status for '18000247' on 'tranquility'
2024-03-29 18:29:09.875    app     info:    [virtual-goods] Fetched Plex status for '18000247' on 'tranquility'
2024-03-29 18:29:09.886    app     info:    [virtual-goods] Fetched Plex status for '18000247' on 'tranquility'
2024-03-29 18:29:09.924    app     info:    [esi] Fetching character details for 2121891348
2024-03-29 18:29:09.950    app     info:    [esi] Fetching character details for 2121891348
2024-03-29 18:29:09.961    app     info:    [AuthenticationMiddleware] User information updated
2024-03-29 18:29:10.258    app     info:    [esi] Fetched 1 character details for 18000247
2024-03-29 18:29:10.301    app     info:    [esi] Fetched 1 character details for 18000247
2024-03-29 18:29:23.276    app     info:    [authentication] Token for '26239201' on 'tranquility' is expired, refresh is required
2024-03-29 18:29:23.276    app     info:    [authentication] Refreshing token for '26239201' on 'tranquility'
2024-03-29 18:29:23.433    app     info:    [authentication] Token for '26239201' on 'tranquility' has been successfully refreshed
2024-03-29 18:29:23.436    app     info:    [elg-events] Queueing event    eve_launcher.electron.authentication.UserTokensRefreshed
2024-03-29 18:29:23.458    app     info:    [customer-information] Getting character information for '26239201' on 'tranquility'
2024-03-29 18:29:23.458    app     info:    [elg-events] Event sent    type.evetech.net/eve_launcher.electron.authentication.UserTokensRefreshed
2024-03-29 18:29:23.458    app     info:    [customer-information] Getting Omega status for '26239201' on 'tranquility'
2024-03-29 18:29:23.458    app     info:    [virtual-goods] Getting Plex status for '26239201' on 'tranquility'
2024-03-29 18:29:23.458    app     info:    [customer-information] Getting character information for '26239201' on 'tranquility'
2024-03-29 18:29:23.459    app     info:    [customer-information] Getting Omega status for '26239201' on 'tranquility'
2024-03-29 18:29:23.460    app     info:    [virtual-goods] Getting Plex status for '26239201' on 'tranquility'
2024-03-29 18:29:23.531    app     info:    [virtual-goods] Fetched Plex status for '26239201' on 'tranquility'
2024-03-29 18:29:23.545    app     info:    [virtual-goods] Fetched Plex status for '26239201' on 'tranquility'
2024-03-29 18:29:23.570    app     info:    [esi] Fetching character details for 2121178171
2024-03-29 18:29:23.592    app     info:    [AuthenticationMiddleware] User information updated
2024-03-29 18:29:23.594    app     info:    [esi] Fetching character details for 2121178171
2024-03-29 18:29:23.898    app     info:    [esi] Fetched 1 character details for 26239201
2024-03-29 18:29:23.953    app     info:    [esi] Fetched 1 character details for 26239201
2024-03-29 18:29:32.287    app     info:    [client-queue] Queued client startup    {
  product: 'eve-online',
  tenant: 'tranquility',
  userId: 25218835,
  characterId: 2119361891,
  profile: ''
}
2024-03-29 18:29:32.291    app     info:    [elg-events] Queueing event    eve_launcher.electron.eve_client.ClientQueued
2024-03-29 18:29:32.291    app     info:    [client-queue] No clients running for tranquility, copying files before starting a client
2024-03-29 18:29:32.291    app     info:    [elg-events] Event sent    type.evetech.net/eve_launcher.electron.eve_client.ClientQueued
2024-03-29 18:29:32.297    app     info:    [elg-events] Queueing event    eve_launcher.electron.eve_client.CopyingFilesStarted
2024-03-29 18:29:32.298    app     info:    [binary-copier] Copying 195 files (230 MB) to 'C:\CCP\EVE Online\tq'
2024-03-29 18:29:32.298    app     info:    [elg-events] Event sent    type.evetech.net/eve_launcher.electron.eve_client.CopyingFilesStarted
2024-03-29 18:29:32.318    app     info:    [binary-copier] Removing old binaries
2024-03-29 18:29:32.346    app     info:    [binary-copier] Copying binaries from ResFiles
2024-03-29 18:29:32.761    app     info:    [binary-copier] Finished copying 195 files to 'C:\CCP\EVE Online\tq' in 0.467 seconds
2024-03-29 18:29:32.764    app     info:    [elg-events] Queueing event    eve_launcher.electron.eve_client.CopyingFilesFinished
2024-03-29 18:29:32.765    app     info:    [elg-events] Event sent    type.evetech.net/eve_launcher.electron.eve_client.CopyingFilesFinished
2024-03-29 18:29:32.772    app     info:    [client-manager] Starting EVE Online game client.    C:\CCP\EVE Online\tq\bin64\exefile.exe    [
  '/noconsole',
  '/server:tranquility.servers.eveonline.com',
  '/ssoToken=***',
  '/refreshToken=***',
  '/settingsprofile=Default',
  '/language=en',
  '/triplatform=dx12',
  '/steamUser',
  '/deviceID=***',
  '/machineHash=***',
  '/autoSelectCharacter:2119361891',
  'exp=1711737545',
  'tokenExpires=2024-03-29 20:39:05.000'
]    25218835
2024-03-29 18:29:32.776    app     info:    [elg-events] Queueing event    eve_launcher.electron.eve_client.GameClientStartRequested
2024-03-29 18:29:32.797    app     info:    [elg-events] Queueing event    eve_launcher.electron.eve_client.TemporaryClientProcessAdded
2024-03-29 18:29:32.801    app     info:    [client-manager] Found 'tranquility' client for '25218835' running:     {
  processId: 8740,
  createdDate: 1711736972784,
  userId: 25218835,
  characterId: 2119361891,
  profile: 'Default',
  dxVersion: 'dx12'
}
2024-03-29 18:29:32.816    app     info:    [elg-events] Queueing event    eve_launcher.electron.eve_client.GameClientStarted
2024-03-29 18:29:32.825    app     info:    [elg-events] Queueing event    eve_launcher.electron.eve_client.TemporaryClientProcessRemoved
2024-03-29 18:29:32.826    app     info:    [elg-events] Event sent    type.evetech.net/eve_launcher.electron.eve_client.GameClientStartRequested
2024-03-29 18:29:32.826    app     info:    [client-queue] Started client from group startup    {
  product: 'eve-online',
  tenant: 'tranquility',
  characterId: 2119361891,
  profile: '',
  userId: 25218835
}
2024-03-29 18:29:32.833    app     info:    [elg-events] Event sent    type.evetech.net/eve_launcher.electron.eve_client.TemporaryClientProcessAdded
2024-03-29 18:29:32.834    app     info:    [elg-events] Event sent    type.evetech.net/eve_launcher.electron.eve_client.GameClientStarted
2024-03-29 18:29:32.835    app     info:    [elg-events] Event sent    type.evetech.net/eve_launcher.electron.eve_client.TemporaryClientProcessRemoved
2024-03-29 18:29:33.334    app     info:    [elg-events] Queueing event    eve_launcher.electron.eve_client.TemporaryClientProcessMonitoringStopped
2024-03-29 18:29:33.334    app     info:    [elg-events] Event sent    type.evetech.net/eve_launcher.electron.eve_client.TemporaryClientProcessMonitoringStopped
2024-03-29 18:29:33.837    app     info:    [client-queue] Queue has stopped running, no more clients pending startup.
2024-03-29 18:29:50.521    app     info:    [scheduler] Stopped scheduler foreground
2024-03-29 18:29:50.522    app     info:    [ipc-requests] Handling requests in the background
2024-03-29 18:29:51.525    app     info:    [ipc-requests] No longer handling requests in the background
2024-03-29 18:30:26.094    app     info:    [scheduler] Starting scheduler foreground
2024-03-29 18:30:26.931    app     info:    [scheduler] Stopped scheduler foreground
2024-03-29 18:30:26.932    app     info:    [ipc-requests] Handling requests in the background
2024-03-29 18:30:27.933    app     info:    [ipc-requests] No longer handling requests in the background
2024-03-29 18:30:30.294    app     info:    [scheduler] Starting scheduler foreground
2024-03-29 18:31:40.614    app     info:    [scheduler] Stopped scheduler foreground
2024-03-29 18:31:40.615    app     info:    [ipc-requests] Handling requests in the background
2024-03-29 18:31:41.546    app     info:    [scheduler] Starting scheduler foreground
2024-03-29 18:31:41.616    app     info:    [ipc-requests] No longer handling requests in the background
2024-03-29 18:31:42.264    app     info:    [scheduler] Stopped scheduler foreground
2024-03-29 18:31:42.264    app     info:    [ipc-requests] Handling requests in the background
2024-03-29 18:31:42.780    app     info:    [scheduler] Starting scheduler foreground
2024-03-29 18:31:43.265    app     info:    [ipc-requests] No longer handling requests in the background
2024-03-29 18:32:19.597    app     info:    [scheduler] Stopped scheduler foreground
2024-03-29 18:32:19.597    app     info:    [ipc-requests] Handling requests in the background
2024-03-29 18:32:20.127    app     info:    [client-manager] 'tranquility' for EVE game client for '25218835' exited with no errors.
2024-03-29 18:32:20.131    app     info:    [elg-events] Queueing event    eve_launcher.electron.eve_client.GameClientExited
2024-03-29 18:32:20.143    app     info:    [server-manager] Starting refresh cycle for eve-online / Tranquility
2024-03-29 18:32:20.148    app     info:    [elg-events] Event sent    type.evetech.net/eve_launcher.electron.eve_client.GameClientExited
2024-03-29 18:32:20.318    app     info:    [server-manager] Previous Tranquility build: 2532064, current build: 2532064
2024-03-29 18:32:20.318    app     info:    [server-manager] Tranquility build is unchanged.
2024-03-29 18:32:20.328    app     info:    [server-manager] Ready to play!
2024-03-29 18:32:20.335    app     info:    [server-manager] Finished refresh cycle for Tranquility
2024-03-29 18:32:20.599    app     info:    [ipc-requests] No longer handling requests in the background
2024-03-29 18:32:20.933    app     info:    [scheduler] Starting scheduler foreground
2024-03-29 18:32:21.871    app     info:    [self-update] Checking for application updates.
2024-03-29 18:32:23.004    app     info:    [self-update] No application updates were found.
2024-03-29 18:32:27.095    app     info:    [client-queue] Queued client startup    {
  product: 'eve-online',
  tenant: 'tranquility',
  userId: 29797650,
  characterId: 2122199031,
  profile: ''
}
2024-03-29 18:32:27.099    app     info:    [elg-events] Queueing event    eve_launcher.electron.eve_client.ClientQueued
2024-03-29 18:32:27.099    app     info:    [client-queue] No clients running for tranquility, copying files before starting a client
2024-03-29 18:32:27.099    app     info:    [elg-events] Event sent    type.evetech.net/eve_launcher.electron.eve_client.ClientQueued
2024-03-29 18:32:27.106    app     info:    [elg-events] Queueing event    eve_launcher.electron.eve_client.CopyingFilesStarted
2024-03-29 18:32:27.107    app     info:    [binary-copier] Copying 195 files (230 MB) to 'C:\CCP\EVE Online\tq'
2024-03-29 18:32:27.107    app     info:    [elg-events] Event sent    type.evetech.net/eve_launcher.electron.eve_client.CopyingFilesStarted
2024-03-29 18:32:27.128    app     info:    [binary-copier] Removing old binaries
2024-03-29 18:32:27.156    app     info:    [binary-copier] Copying binaries from ResFiles
2024-03-29 18:32:27.600    app     info:    [binary-copier] Finished copying 195 files to 'C:\CCP\EVE Online\tq' in 0.497 seconds
2024-03-29 18:32:27.604    app     info:    [elg-events] Queueing event    eve_launcher.electron.eve_client.CopyingFilesFinished
2024-03-29 18:32:27.604    app     info:    [elg-events] Event sent    type.evetech.net/eve_launcher.electron.eve_client.CopyingFilesFinished
2024-03-29 18:32:27.612    app     info:    [client-manager] Starting EVE Online game client.    C:\CCP\EVE Online\tq\bin64\exefile.exe    [
  '/noconsole',
  '/server:tranquility.servers.eveonline.com',
  '/ssoToken=***',
  '/refreshToken=***',
  '/settingsprofile=Default',
  '/language=en',
  '/triplatform=dx12',
  '/steamUser',
  '/deviceID=***',
  '/machineHash=***',
  '/autoSelectCharacter:2122199031',
  'exp=1711751209',
  'tokenExpires=2024-03-30 00:26:49.000'
]    29797650
2024-03-29 18:32:27.616    app     info:    [elg-events] Queueing event    eve_launcher.electron.eve_client.GameClientStartRequested
2024-03-29 18:32:27.639    app     info:    [elg-events] Queueing event    eve_launcher.electron.eve_client.TemporaryClientProcessAdded
2024-03-29 18:32:27.644    app     info:    [client-manager] Found 'tranquility' client for '29797650' running:     {
  processId: 7296,
  createdDate: 1711737147626,
  userId: 29797650,
  characterId: 2122199031,
  profile: 'Default',
  dxVersion: 'dx12'
}
2024-03-29 18:32:27.660    app     info:    [elg-events] Queueing event    eve_launcher.electron.eve_client.GameClientStarted
2024-03-29 18:32:27.670    app     info:    [elg-events] Queueing event    eve_launcher.electron.eve_client.TemporaryClientProcessRemoved
2024-03-29 18:32:27.671    app     info:    [elg-events] Event sent    type.evetech.net/eve_launcher.electron.eve_client.GameClientStartRequested
2024-03-29 18:32:27.671    app     info:    [client-queue] Started client from group startup    {
  product: 'eve-online',
  tenant: 'tranquility',
  characterId: 2122199031,
  profile: '',
  userId: 29797650
}
2024-03-29 18:32:27.678    app     info:    [elg-events] Event sent    type.evetech.net/eve_launcher.electron.eve_client.TemporaryClientProcessAdded
2024-03-29 18:32:27.679    app     info:    [elg-events] Event sent    type.evetech.net/eve_launcher.electron.eve_client.GameClientStarted
2024-03-29 18:32:27.680    app     info:    [elg-events] Event sent    type.evetech.net/eve_launcher.electron.eve_client.TemporaryClientProcessRemoved
2024-03-29 18:32:28.178    app     info:    [elg-events] Queueing event    eve_launcher.electron.eve_client.TemporaryClientProcessMonitoringStopped
2024-03-29 18:32:28.178    app     info:    [elg-events] Event sent    type.evetech.net/eve_launcher.electron.eve_client.TemporaryClientProcessMonitoringStopped
2024-03-29 18:32:28.691    app     info:    [client-queue] Queue has stopped running, no more clients pending startup.
2024-03-29 18:37:20.337    app     info:    [server-manager] Starting refresh cycle for eve-online / Tranquility
2024-03-29 18:37:20.494    app     info:    [server-manager] Previous Tranquility build: 2532064, current build: 2532064
2024-03-29 18:37:20.494    app     info:    [server-manager] Tranquility build is unchanged.
2024-03-29 18:37:20.503    app     info:    [server-manager] Ready to play!
2024-03-29 18:37:20.509    app     info:    [server-manager] Finished refresh cycle for Tranquility
2024-03-29 18:37:21.871    app     info:    [self-update] Checking for application updates.
2024-03-29 18:37:22.271    app     info:    [self-update] No application updates were found.
2024-03-29 18:38:09.872    app     info:    [client-manager] 'tranquility' for EVE game client for '29797650' exited with no errors.
2024-03-29 18:38:09.876    app     info:    [elg-events] Queueing event    eve_launcher.electron.eve_client.GameClientExited
2024-03-29 18:38:09.890    app     info:    [server-manager] Starting refresh cycle for eve-online / Tranquility
2024-03-29 18:38:09.894    app     info:    [elg-events] Event sent    type.evetech.net/eve_launcher.electron.eve_client.GameClientExited
2024-03-29 18:38:10.048    app     info:    [server-manager] Previous Tranquility build: 2532064, current build: 2532064
2024-03-29 18:38:10.048    app     info:    [server-manager] Tranquility build is unchanged.
2024-03-29 18:38:10.059    app     info:    [server-manager] Ready to play!
2024-03-29 18:38:10.066    app     info:    [server-manager] Finished refresh cycle for Tranquility
2024-03-29 18:38:14.896    app     info:    [client-queue] Queued client startup    {
  product: 'eve-online',
  tenant: 'tranquility',
  userId: 17550993,
  characterId: 2114676119,
  profile: ''
}
2024-03-29 18:38:14.900    app     info:    [elg-events] Queueing event    eve_launcher.electron.eve_client.ClientQueued
2024-03-29 18:38:14.900    app     info:    [client-queue] No clients running for tranquility, copying files before starting a client
2024-03-29 18:38:14.900    app     info:    [elg-events] Event sent    type.evetech.net/eve_launcher.electron.eve_client.ClientQueued
2024-03-29 18:38:14.906    app     info:    [elg-events] Queueing event    eve_launcher.electron.eve_client.CopyingFilesStarted
2024-03-29 18:38:14.906    app     info:    [binary-copier] Copying 195 files (230 MB) to 'C:\CCP\EVE Online\tq'
2024-03-29 18:38:14.906    app     info:    [elg-events] Event sent    type.evetech.net/eve_launcher.electron.eve_client.CopyingFilesStarted
2024-03-29 18:38:14.927    app     info:    [binary-copier] Removing old binaries
2024-03-29 18:38:14.961    app     info:    [binary-copier] Copying binaries from ResFiles
2024-03-29 18:38:15.365    app     info:    [binary-copier] Finished copying 195 files to 'C:\CCP\EVE Online\tq' in 0.463 seconds
2024-03-29 18:38:15.372    app     info:    [elg-events] Queueing event    eve_launcher.electron.eve_client.CopyingFilesFinished
2024-03-29 18:38:15.372    app     info:    [elg-events] Event sent    type.evetech.net/eve_launcher.electron.eve_client.CopyingFilesFinished
2024-03-29 18:38:15.383    app     info:    [authentication] Token for '17550993' on 'tranquility' is expired, refresh is required
2024-03-29 18:38:15.383    app     info:    [authentication] Refreshing token for '17550993' on 'tranquility'
2024-03-29 18:38:15.557    app     info:    [authentication] Token for '17550993' on 'tranquility' has been successfully refreshed
2024-03-29 18:38:15.561    app     info:    [elg-events] Queueing event    eve_launcher.electron.authentication.UserTokensRefreshed
2024-03-29 18:38:15.580    app     info:    [elg-events] Event sent    type.evetech.net/eve_launcher.electron.authentication.UserTokensRefreshed
2024-03-29 18:38:15.581    app     info:    [client-manager] Starting EVE Online game client.    C:\CCP\EVE Online\tq\bin64\exefile.exe    [
  '/noconsole',
  '/server:tranquility.servers.eveonline.com',
  '/ssoToken=***',
  '/refreshToken=***',
  '/settingsprofile=Default',
  '/language=en',
  '/triplatform=dx12',
  '/steamUser',
  '/deviceID=***',
  '/machineHash=***',
  '/autoSelectCharacter:2114676119',
  'exp=1711738094',
  'tokenExpires=2024-03-29 20:48:14.000'
]    17550993
2024-03-29 18:38:15.585    app     info:    [elg-events] Queueing event    eve_launcher.electron.eve_client.GameClientStartRequested
2024-03-29 18:38:15.605    app     info:    [elg-events] Queueing event    eve_launcher.electron.eve_client.TemporaryClientProcessAdded
2024-03-29 18:38:15.610    app     info:    [client-manager] Found 'tranquility' client for '17550993' running:     {
  processId: 1072,
  createdDate: 1711737495592,
  userId: 17550993,
  characterId: 2114676119,
  profile: 'Default',
  dxVersion: 'dx12'
}
2024-03-29 18:38:15.621    app     info:    [elg-events] Queueing event    eve_launcher.electron.eve_client.GameClientStarted
2024-03-29 18:38:15.631    app     info:    [elg-events] Queueing event    eve_launcher.electron.eve_client.TemporaryClientProcessRemoved
2024-03-29 18:38:15.631    app     info:    [client-queue] Started client from group startup    {
  product: 'eve-online',
  tenant: 'tranquility',
  characterId: 2114676119,
  profile: '',
  userId: 17550993
}
2024-03-29 18:38:15.638    app     info:    [AuthenticationMiddleware] User information updated
2024-03-29 18:38:15.639    app     info:    [elg-events] Event sent    type.evetech.net/eve_launcher.electron.eve_client.GameClientStartRequested
2024-03-29 18:38:15.639    app     info:    [elg-events] Event sent    type.evetech.net/eve_launcher.electron.eve_client.TemporaryClientProcessAdded
2024-03-29 18:38:15.641    app     info:    [elg-events] Event sent    type.evetech.net/eve_launcher.electron.eve_client.GameClientStarted
2024-03-29 18:38:15.641    app     info:    [elg-events] Event sent    type.evetech.net/eve_launcher.electron.eve_client.TemporaryClientProcessRemoved
2024-03-29 18:38:16.135    app     info:    [elg-events] Queueing event    eve_launcher.electron.eve_client.TemporaryClientProcessMonitoringStopped
2024-03-29 18:38:16.135    app     info:    [elg-events] Event sent    type.evetech.net/eve_launcher.electron.eve_client.TemporaryClientProcessMonitoringStopped
2024-03-29 18:38:16.642    app     info:    [client-queue] Queue has stopped running, no more clients pending startup.
2024-03-29 18:38:17.343    app     info:    [scheduler] Stopped scheduler foreground
2024-03-29 18:38:17.344    app     info:    [ipc-requests] Handling requests in the background
2024-03-29 18:38:18.345    app     info:    [ipc-requests] No longer handling requests in the background
2024-03-29 18:38:19.457    app     info:    [scheduler] Starting scheduler foreground
2024-03-29 18:38:20.771    app     info:    [scheduler] Stopped scheduler foreground
2024-03-29 18:38:20.771    app     info:    [ipc-requests] Handling requests in the background
2024-03-29 18:38:21.773    app     info:    [ipc-requests] No longer handling requests in the background
2024-03-29 18:38:22.058    app     info:    [scheduler] Starting scheduler foreground
2024-03-29 18:38:23.716    app     info:    [scheduler] Stopped scheduler foreground
2024-03-29 18:38:23.717    app     info:    [ipc-requests] Handling requests in the background
2024-03-29 18:38:24.718    app     info:    [ipc-requests] No longer handling requests in the background
2024-03-29 18:38:29.748    app     info:    [scheduler] Starting scheduler foreground
2024-03-29 18:42:21.880    app     info:    [self-update] Checking for application updates.
2024-03-29 18:42:22.514    app     info:    [self-update] No application updates were found.
2024-03-29 18:43:02.673    app     info:    [tray] Main window moved to top from tray    { windowId: 2 }
2024-03-29 18:43:10.072    app     info:    [server-manager] Starting refresh cycle for eve-online / Tranquility
2024-03-29 18:43:10.228    app     info:    [server-manager] Previous Tranquility build: 2532064, current build: 2532064
2024-03-29 18:43:10.229    app     info:    [server-manager] Tranquility build is unchanged.
2024-03-29 18:43:10.238    app     info:    [server-manager] Ready to play!
2024-03-29 18:43:10.246    app     info:    [server-manager] Finished refresh cycle for Tranquility
2024-03-29 18:47:21.883    app     info:    [self-update] Checking for application updates.
2024-03-29 18:47:22.498    app     info:    [self-update] No application updates were found.
2024-03-29 18:48:10.250    app     info:    [server-manager] Starting refresh cycle for eve-online / Tranquility
2024-03-29 18:48:10.399    app     info:    [server-manager] Previous Tranquility build: 2532064, current build: 2532064
2024-03-29 18:48:10.399    app     info:    [server-manager] Tranquility build is unchanged.
2024-03-29 18:48:10.408    app     info:    [server-manager] Ready to play!
2024-03-29 18:48:10.416    app     info:    [server-manager] Finished refresh cycle for Tranquility
2024-03-29 18:52:11.029    app     info:    [scheduler] Stopped scheduler foreground
2024-03-29 18:52:11.029    app     info:    [ipc-requests] Handling requests in the background
2024-03-29 18:52:12.031    app     info:    [ipc-requests] No longer handling requests in the background
2024-03-29 18:52:13.355    app     info:    [scheduler] Starting scheduler foreground
2024-03-29 18:52:14.740    app     info:    [scheduler] Stopped scheduler foreground
2024-03-29 18:52:14.741    app     info:    [ipc-requests] Handling requests in the background
2024-03-29 18:52:15.741    app     info:    [ipc-requests] No longer handling requests in the background
2024-03-29 18:52:24.441    app     info:    [scheduler] Starting scheduler foreground
2024-03-29 18:52:24.658    app     info:    [scheduler] Stopped scheduler foreground
2024-03-29 18:52:24.658    app     info:    [ipc-requests] Handling requests in the background
2024-03-29 18:52:25.658    app     info:    [ipc-requests] No longer handling requests in the background
2024-03-29 18:52:25.897    app     info:    [scheduler] Starting scheduler foreground
2024-03-29 18:52:26.031    app     info:    [scheduler] Stopped scheduler foreground
2024-03-29 18:52:26.031    app     info:    [ipc-requests] Handling requests in the background
2024-03-29 18:52:27.032    app     info:    [ipc-requests] No longer handling requests in the background
2024-03-29 18:52:29.457    app     info:    [self-update] Checking for application updates.
2024-03-29 18:52:29.826    app     info:    [self-update] No application updates were found.
2024-03-29 18:53:10.418    app     info:    [server-manager] Starting refresh cycle for eve-online / Tranquility
2024-03-29 18:53:10.560    app     info:    [server-manager] Previous Tranquility build: 2532064, current build: 2532064
2024-03-29 18:53:10.560    app     info:    [server-manager] Tranquility build is unchanged.
2024-03-29 18:53:10.568    app     info:    [server-manager] Ready to play!
2024-03-29 18:53:10.574    app     info:    [server-manager] Finished refresh cycle for Tranquility
2024-03-29 18:56:54.067    app     info:    [scheduler] Starting scheduler foreground
2024-03-29 18:56:54.182    app     info:    [scheduler] Stopped scheduler foreground
2024-03-29 18:56:54.182    app     info:    [ipc-requests] Handling requests in the background
2024-03-29 18:56:55.182    app     info:    [ipc-requests] No longer handling requests in the background
2024-03-29 18:56:55.402    app     info:    [scheduler] Starting scheduler foreground
2024-03-29 18:56:55.958    app     info:    [scheduler] Stopped scheduler foreground
2024-03-29 18:56:55.958    app     info:    [ipc-requests] Handling requests in the background
2024-03-29 18:56:56.960    app     info:    [ipc-requests] No longer handling requests in the background
2024-03-29 18:56:58.140    app     info:    [scheduler] Starting scheduler foreground
2024-03-29 18:56:58.397    app     info:    [scheduler] Stopped scheduler foreground
2024-03-29 18:56:58.397    app     info:    [ipc-requests] Handling requests in the background
2024-03-29 18:56:59.399    app     info:    [ipc-requests] No longer handling requests in the background
2024-03-29 18:58:10.579    app     info:    [server-manager] Starting refresh cycle for eve-online / Tranquility
2024-03-29 18:58:10.706    app     info:    [server-manager] Previous Tranquility build: 2532064, current build: 2532064
2024-03-29 18:58:10.706    app     info:    [server-manager] Tranquility build is unchanged.
2024-03-29 18:58:10.715    app     info:    [server-manager] Ready to play!
2024-03-29 18:58:10.720    app     info:    [server-manager] Finished refresh cycle for Tranquility
2024-03-29 19:03:10.724    app     info:    [server-manager] Starting refresh cycle for eve-online / Tranquility
2024-03-29 19:03:10.855    app     info:    [server-manager] Previous Tranquility build: 2532064, current build: 2532064
2024-03-29 19:03:10.855    app     info:    [server-manager] Tranquility build is unchanged.
2024-03-29 19:03:10.864    app     info:    [server-manager] Ready to play!
2024-03-29 19:03:10.870    app     info:    [server-manager] Finished refresh cycle for Tranquility
2024-03-29 19:08:10.872    app     info:    [server-manager] Starting refresh cycle for eve-online / Tranquility
2024-03-29 19:08:11.006    app     info:    [server-manager] Previous Tranquility build: 2532064, current build: 2532064
2024-03-29 19:08:11.006    app     info:    [server-manager] Tranquility build is unchanged.
2024-03-29 19:08:11.015    app     info:    [server-manager] Ready to play!
2024-03-29 19:08:11.021    app     info:    [server-manager] Finished refresh cycle for Tranquility
2024-03-29 19:11:08.854    app     info:    [scheduler] Starting scheduler foreground
2024-03-29 19:11:09.803    app     info:    [scheduler] Stopped scheduler foreground
2024-03-29 19:11:09.804    app     info:    [ipc-requests] Handling requests in the background
2024-03-29 19:11:10.803    app     info:    [ipc-requests] No longer handling requests in the background
2024-03-29 19:11:11.800    app     info:    [scheduler] Starting scheduler foreground
2024-03-29 19:11:12.775    app     info:    [scheduler] Stopped scheduler foreground
2024-03-29 19:11:12.775    app     info:    [ipc-requests] Handling requests in the background
2024-03-29 19:11:13.776    app     info:    [ipc-requests] No longer handling requests in the background
2024-03-29 19:11:13.879    app     info:    [self-update] Checking for application updates.
2024-03-29 19:11:14.252    app     info:    [self-update] No application updates were found.
2024-03-29 19:11:15.331    app     info:    [scheduler] Starting scheduler foreground
2024-03-29 19:11:17.033    app     info:    [scheduler] Stopped scheduler foreground
2024-03-29 19:11:17.033    app     info:    [ipc-requests] Handling requests in the background
2024-03-29 19:11:18.034    app     info:    [ipc-requests] No longer handling requests in the background
2024-03-29 19:13:11.026    app     info:    [server-manager] Starting refresh cycle for eve-online / Tranquility
2024-03-29 19:13:11.151    app     info:    [server-manager] Previous Tranquility build: 2532064, current build: 2532064
2024-03-29 19:13:11.152    app     info:    [server-manager] Tranquility build is unchanged.
2024-03-29 19:13:11.160    app     info:    [server-manager] Ready to play!
2024-03-29 19:13:11.167    app     info:    [server-manager] Finished refresh cycle for Tranquility
2024-03-29 19:13:29.886    app     info:    [scheduler] Starting scheduler foreground
2024-03-29 19:13:29.897    app     info:    [authentication] Token for '17550993' on 'tranquility' is expired, refresh is required
2024-03-29 19:13:29.897    app     info:    [authentication] Refreshing token for '17550993' on 'tranquility'
2024-03-29 19:13:30.025    app     info:    [authentication] Token for '17550993' on 'tranquility' has been successfully refreshed
2024-03-29 19:13:30.029    app     info:    [elg-events] Queueing event    eve_launcher.electron.authentication.UserTokensRefreshed
2024-03-29 19:13:30.054    app     info:    [customer-information] Getting character information for '17550993' on 'tranquility'
2024-03-29 19:13:30.055    app     info:    [customer-information] Getting Omega status for '17550993' on 'tranquility'
2024-03-29 19:13:30.055    app     info:    [virtual-goods] Getting Plex status for '17550993' on 'tranquility'
2024-03-29 19:13:30.055    app     info:    [customer-information] Getting character information for '17550993' on 'tranquility'
2024-03-29 19:13:30.056    app     info:    [customer-information] Getting Omega status for '17550993' on 'tranquility'
2024-03-29 19:13:30.056    app     info:    [virtual-goods] Getting Plex status for '17550993' on 'tranquility'
2024-03-29 19:13:30.141    app     info:    [virtual-goods] Fetched Plex status for '17550993' on 'tranquility'
2024-03-29 19:13:30.160    app     info:    [virtual-goods] Fetched Plex status for '17550993' on 'tranquility'
2024-03-29 19:13:30.201    app     info:    [esi] Fetching character details for 2114676119
2024-03-29 19:13:30.217    app     info:    [AuthenticationMiddleware] User information updated
2024-03-29 19:13:30.219    app     info:    [esi] Fetching character details for 2114676119
2024-03-29 19:13:30.240    app     info:    [elg-events] Event sent    type.evetech.net/eve_launcher.electron.authentication.UserTokensRefreshed
2024-03-29 19:13:30.614    app     info:    [esi] Fetched 1 character details for 17550993
2024-03-29 19:13:30.621    app     info:    [esi] Fetched 1 character details for 17550993
2024-03-29 19:13:30.770    app     info:    [scheduler] Stopped scheduler foreground
2024-03-29 19:13:30.770    app     info:    [ipc-requests] Handling requests in the background
2024-03-29 19:13:31.772    app     info:    [ipc-requests] No longer handling requests in the background
2024-03-29 19:13:31.907    app     info:    [scheduler] Starting scheduler foreground
2024-03-29 19:13:32.576    app     info:    [scheduler] Stopped scheduler foreground
2024-03-29 19:13:32.576    app     info:    [ipc-requests] Handling requests in the background
2024-03-29 19:13:33.578    app     info:    [ipc-requests] No longer handling requests in the background
2024-03-29 19:14:27.360    app     info:    [scheduler] Starting scheduler foreground
2024-03-29 19:14:27.997    app     info:    [scheduler] Stopped scheduler foreground
2024-03-29 19:14:27.998    app     info:    [ipc-requests] Handling requests in the background
2024-03-29 19:14:28.999    app     info:    [ipc-requests] No longer handling requests in the background
2024-03-29 19:14:29.565    app     info:    [scheduler] Starting scheduler foreground
2024-03-29 19:14:29.757    app     info:    [scheduler] Stopped scheduler foreground
2024-03-29 19:14:29.758    app     info:    [ipc-requests] Handling requests in the background
2024-03-29 19:14:30.760    app     info:    [ipc-requests] No longer handling requests in the background
2024-03-29 19:14:52.457    app     info:    [scheduler] Starting scheduler foreground
2024-03-29 19:14:52.553    app     info:    [scheduler] Stopped scheduler foreground
2024-03-29 19:14:52.553    app     info:    [ipc-requests] Handling requests in the background
2024-03-29 19:14:53.555    app     info:    [ipc-requests] No longer handling requests in the background
2024-03-29 19:14:53.753    app     info:    [scheduler] Starting scheduler foreground
2024-03-29 19:14:54.825    app     info:    [scheduler] Stopped scheduler foreground
2024-03-29 19:14:54.826    app     info:    [ipc-requests] Handling requests in the background
2024-03-29 19:14:55.826    app     info:    [ipc-requests] No longer handling requests in the background
2024-03-29 19:14:56.137    app     info:    [scheduler] Starting scheduler foreground
2024-03-29 19:14:59.970    app     info:    [scheduler] Stopped scheduler foreground
2024-03-29 19:14:59.970    app     info:    [ipc-requests] Handling requests in the background
2024-03-29 19:15:00.970    app     info:    [ipc-requests] No longer handling requests in the background
2024-03-29 19:15:31.001    app     info:    [scheduler] Starting scheduler foreground
2024-03-29 19:15:37.188    app     info:    [client-manager] 'tranquility' for EVE game client for '17550993' exited with no errors.
2024-03-29 19:15:37.192    app     info:    [elg-events] Queueing event    eve_launcher.electron.eve_client.GameClientExited
2024-03-29 19:15:37.205    app     info:    [server-manager] Starting refresh cycle for eve-online / Tranquility
2024-03-29 19:15:37.208    app     info:    [elg-events] Event sent    type.evetech.net/eve_launcher.electron.eve_client.GameClientExited
2024-03-29 19:15:37.334    app     info:    [server-manager] Previous Tranquility build: 2532064, current build: 2532064
2024-03-29 19:15:37.334    app     info:    [server-manager] Tranquility build is unchanged.
2024-03-29 19:15:37.345    app     info:    [server-manager] Ready to play!
2024-03-29 19:15:37.351    app     info:    [server-manager] Finished refresh cycle for Tranquility
2024-03-29 19:15:42.957    app     info:    [tray] Quitting application from tray
2024-03-29 19:15:42.960    app     info:    Application quitting. Cleanup needed: true
2024-03-29 19:15:42.964    app     info:    [elg-events] Queueing shutdown event    eve_launcher.electron.application.LauncherShutdown
2024-03-29 19:15:42.968    app     info:    [elg-events] Event sent    type.evetech.net/eve_launcher.electron.application.LauncherShutdown
2024-03-29 19:15:42.968    app     info:    app.quit called, but we are still sending ELG events.
2024-03-29 19:15:43.218    app     info:    [elg-events] Shutdown event timeout passed
2024-03-29 19:15:43.218    app     info:    ELG stream closed, quitting.
2024-03-29 19:15:43.220    app     info:    [main-window] Main window closing    { windowId: 2 }
2024-03-29 19:15:43.221    app     info:    [elg-events] gRPC connection aborted
2024-03-29 19:15:43.223    app     info:    ELG stream closed, quitting.
2024-03-29 19:15:43.251    app     info:    [scheduler] Stopped scheduler foreground
2024-03-29 19:15:43.252    app     info:    [ipc-requests] Handling requests in the background
2024-03-29 19:15:43.273    app     info:    Application closed    0
