2024-05-11 21:37:33.362    app     info:    [self-update] Configuring update feed.
2024-05-11 21:37:33.363    app     info:    [self-update] Update feed set to: https://launcher.ccpgames.com/eve-online/release/win32/x64/
2024-05-11 21:37:33.369    app     info:    Startup arguments    [ '--squirrel-install', '1.3.5' ]
2024-05-11 21:37:33.413    app     info:    [elg-events] Queueing event    eve_launcher.electron.application.SquirrelInstall
2024-05-11 21:37:33.430    app     info:    [shortcuts] Waiting for third party authentication to be ready.
2024-05-11 21:37:33.436    app     info:    [third-party-authentications] Checking for Steam startup
2024-05-11 21:37:33.528    app     warn:    [steam-auth] Failed to initialize Steamworks client: GenericFailure
2024-05-11 21:37:33.529    app     info:    [third-party-authentications] Done checking third party startups
2024-05-11 21:37:33.595    app     info:    [shortcuts] Creating global shortcut in desktop.
2024-05-11 21:37:33.643    app     info:    [shortcuts] Created shortcut for eve-launcher in desktop
2024-05-11 21:37:33.997    app     info:    [shortcuts] Creating global shortcut in startmenu.
2024-05-11 21:37:34.002    app     info:    [elg-events] Event sent    type.evetech.net/eve_launcher.electron.application.SquirrelInstall
2024-05-11 21:37:34.027    app     info:    [cache-protocol] Found 31 entries to remove
2024-05-11 21:37:34.042    app     info:    [cache-protocol] Cleaned 31 entries
2024-05-11 21:37:34.043    app     info:    [cache-protocol] Checking 31 folders to clean
2024-05-11 21:37:34.050    app     info:    [shortcuts] Created shortcut for eve-launcher in startmenu
2024-05-11 21:37:34.055    app     info:    [shortcuts] Shortcut desktop/EVE Launcher is already up-to-date.
2024-05-11 21:37:34.105    app     info:    [shortcuts] Shortcut startmenu/EVE Launcher is already up-to-date.
2024-05-11 21:37:34.105    app     info:    Application quitting. Cleanup needed: true
2024-05-11 21:37:34.115    app     info:    app.quit called, but we are still sending ELG events.
