2024-03-29 17:12:26.981    app     info:    [migrations] Migrating state from version 202403211101 to 202403211101
2024-03-29 17:12:27.202    app     info:    [self-update] Configuring update feed.
2024-03-29 17:12:27.202    app     info:    [self-update] Update feed set to: https://launcher.ccpgames.com/eve-online/release/win32/x64/
2024-03-29 17:12:27.209    app     info:    Startup arguments    []
2024-03-29 17:12:27.280    app     info:    [self-update] Auto-updating is now enabled
2024-03-29 17:12:27.282    app     info:    [migrations] Migrating state from version 202403211101 to 202403211101
2024-03-29 17:12:27.286    app     info:    [third-party-authentications] Checking for Steam startup
2024-03-29 17:12:27.563    app     info:    [migrations] Migrating secured state from version 202403201100 to 202403201100
2024-03-29 17:12:27.605    app     info:    [elg-events] Queueing event    eve_launcher.electron.application.LauncherStarted
2024-03-29 17:12:27.660    app     info:    [analytics] Application name:    EVE Online
2024-03-29 17:12:27.660    app     info:    [analytics] Application version:    1.3.3
2024-03-29 17:12:27.660    app     info:    [analytics] Domain    undefined
2024-03-29 17:12:27.661    app     info:    [analytics] Working directory    C:\Games\Steam\steamapps\common\Eve Online\app-1.3.3
2024-03-29 17:12:27.662    app     info:    [analytics] Username contains UTF8?    false
2024-03-29 17:12:28.013    app     info:    [elg-events] Queueing event    eve_launcher.electron.application.PdmLoaded
2024-03-29 17:12:28.021    app     info:    [elg-events] Queueing event    eve_launcher.electron.application.CoreDataLoaded
2024-03-29 17:12:28.024    app     info:    [analytics] Operating system    {
  type: 'Windows',
  name: 'Windows 10 Education',
  version: '10.0 (19045)'
}
2024-03-29 17:12:28.025    app     info:    [analytics] Encryption available:    true
2024-03-29 17:12:28.026    app     info:    [analytics] Machine UUID    4E9F516C-5B97-47C6-8C67-E93D943CB7C8
2024-03-29 17:12:28.026    app     info:    [analytics] PDM Version    2.1.4
2024-03-29 17:12:28.026    app     info:    [analytics] Release channel    release
2024-03-29 17:12:28.027    app     info:    [initializers] Shared cache directory set to    C:\CCP\EVE Online
2024-03-29 17:12:28.041    app     info:    [initializers] Shared cache drive free space: 70,52 GiB / 433,74 GiB
2024-03-29 17:12:28.041    app     info:    [feature-flags] Initializing feature flag client
2024-03-29 17:12:28.047    app     info:    [i18next] Changed language    en
2024-03-29 17:12:28.072    app     info:    [shared-cache] Looking for profiles in 'c_ccp_eve_online_tq_tranquility'...
2024-03-29 17:12:28.072    app     info:    [shared-cache] Looking for profiles in 'c_ccp_eve_online_sisi_singularity'...
2024-03-29 17:12:28.072    app     info:    [shared-cache] Looking for profiles in 'c_ccp_eve_online_thunderdome_thunderdome'...
2024-03-29 17:12:28.072    app     info:    [scheduler] Starting scheduler background
2024-03-29 17:12:28.096    app    error:    (node:5412) MaxListenersExceededWarning: Possible EventEmitter memory leak detected. 11 scheduler/triggered listeners added to [IpcMainImpl]. Use emitter.setMaxListeners() to increase limit
(Use `eve-online --trace-warnings ...` to show where the warning was created)    []
2024-03-29 17:12:28.107    app     info:    [shared-cache] Processed 0 profiles from disk
2024-03-29 17:12:28.122    app     info:    [steam-auth] Steam startup detected
2024-03-29 17:12:28.130    app     info:    [authentication] Generated login URL with state 'jhupQxhCTeMnprBlXZ_ouMxEhcFXfZMzvKj9HIsNDZ0' for 'tranquility' using clientID 'eveLauncherTQ'
2024-03-29 17:12:28.131    app     info:    [third-party-authentications] Done checking third party startups
2024-03-29 17:12:28.153    app     info:    [first-run] Application has been run before: 2024-03-28T11:50:09.863Z
2024-03-29 17:12:28.193    app     info:    [cache-protocol] Found 0 entries to remove
2024-03-29 17:12:28.194    app     info:    [cache-protocol] Nothing to clean up.
2024-03-29 17:12:28.279    app     info:    info: [LaunchDarkly] LaunchDarkly client initialized    []
2024-03-29 17:12:28.280    app     info:    info: [LaunchDarkly] Opening stream connection to https://clientstream.launchdarkly.com/eval/64c3d12e27a4b11365012d39/eyJrZXkiOiI0YTQzNmFkYi00Yjk5LTQwYTctODViMC00MmUyMDZmNDEyODYiLCJraW5kIjoidXNlciIsImN1c3RvbSI6eyJpc0ZpcnN0UnVuIjpmYWxzZSwiZGF5c1NpbmNlRmlyc3RSdW4iOjEsImxhbmd1YWdlIjoiZW4iLCJhcHBsaWNhdGlvbiI6ImV2ZS1vbmxpbmUiLCJ2ZXJzaW9uIjoiMS4zLjMiLCJwbGF0Zm9ybSI6IndpbmRvd3MiLCJpc0dlRm9yY2VOb3ciOmZhbHNlLCJvc1ZlcnNpb25EZXByZWNhdGVkIjpmYWxzZSwidXNlcklkcyI6WzE2NDkyMzc3LDI5Nzk3NjUwLDIxMTAzMTEsMjk3OTc2NTBdLCJvbWVnYUNvdW50IjowLCJhbHBoYUNvdW50IjoxNCwiYWNjb3VudENvdW50IjoxNCwib2xkZXN0QWNjb3VudEFnZSI6NjEwNywieW91bmdlc3RBY2NvdW50QWdlIjowfX0?withReasons=true    []
2024-03-29 17:12:28.281    app     info:    [feature-flags] Client 4a436adb... ready, fetching flags
2024-03-29 17:12:28.283    app     info:    [self-update] Auto-updating is now enabled
2024-03-29 17:12:28.285    app     info:    [feature-flags] Received 27 flags for client 4a436adb...
2024-03-29 17:12:28.286    app     info:    [feature-flags] Client initialized with key 4a436adb...
2024-03-29 17:12:28.288    app     info:    [self-update] Configuring update feed.
2024-03-29 17:12:28.289    app     info:    [self-update] Update feed set to: https://launcher.ccpgames.com/eve-online/release/win32/x64/
2024-03-29 17:12:28.289    app     info:    [self-update] Auto-updating is now enabled
2024-03-29 17:12:28.292    app     info:    [AuthenticationMiddleware] Successfully restored 28 / 28 users
2024-03-29 17:12:28.306    app     info:    [server-manager] Starting refresh cycle for eve-online / Tranquility
2024-03-29 17:12:28.315    app     info:    [elg-events] Event sent    type.evetech.net/eve_launcher.electron.application.LauncherStarted
2024-03-29 17:12:28.333    app     info:    [customer-information] Agreements have been updated
2024-03-29 17:12:28.334    app     info:    [elg-events] Event sent    type.evetech.net/eve_launcher.electron.application.PdmLoaded
2024-03-29 17:12:28.346    app     info:    [customer-information] Agreements have been updated
2024-03-29 17:12:28.347    app     info:    [elg-events] Event sent    type.evetech.net/eve_launcher.electron.application.CoreDataLoaded
2024-03-29 17:12:28.505    app     info:    [server-manager] Previous Tranquility build: 2532064, current build: 2532064
2024-03-29 17:12:28.505    app     info:    [server-manager] Tranquility build is unchanged.
2024-03-29 17:12:28.515    app     info:    [server-manager] Ready to play!
2024-03-29 17:12:28.521    app     info:    [server-manager] Finished refresh cycle for Tranquility
2024-03-29 17:12:28.779    app     info:    [elg-events] Queueing event    eve_launcher.electron.application.RendererLoaded
2024-03-29 17:12:28.780    app     info:    [elg-events] Event sent    type.evetech.net/eve_launcher.electron.application.RendererLoaded
2024-03-29 17:12:28.791    app     info:    [scheduler] Starting scheduler foreground
2024-03-29 17:12:28.822    app     info:    [content-delivery-trace] Fetching CDN trace data from https://binaries.eveonline.com/cdn-cgi/trace
2024-03-29 17:12:28.838    app     info:    [creatives] Requesting creatives
2024-03-29 17:12:28.858    app     info:    [main-window] Registering main window    { windowId: 2 }
2024-03-29 17:12:28.860    app     info:    [authentication-handler] Creating login window using URI https://login.eveonline.com/account/logoff?lang=en&ReturnUrl=%2Fv2%2Foauth%2Fauthorize%3Fresponse_type%3Dcode%26client_id%3DeveLauncherTQ%26scope%3DeveClientLogin%2Bcisservice.customerRead.v1%2Bcisservice.customerWrite.v1%2Bcisservice.userProfileBasic.v1%2Bvgs.transactionRead.v1%2Bvgs.marketAccess.v1%26redirect_uri%3Dhttps%253A%252F%252Flogin.eveonline.com%252Flauncher%253Fclient_id%253DeveLauncherTQ%26state%3DjhupQxhCTeMnprBlXZ_ouMxEhcFXfZMzvKj9HIsNDZ0%26code_challenge_method%3DS256%26code_challenge%3D0iPsXQD5CpI0EHknnl6ztkL68MR-x9L1fxvi9I13Z7c%26steam_ticket%3D140000005464677d4ca300061bd7f11a0100100171f60666180000000100000002000000ee1e6dbce48825fd3447010001000000b200000032000000040000001bd7f11a0100100134210000726473b0ad01a8c0000000005a570566da06216601002f220200000000004e6c315e8673ffcaf8efa67467ae7785db04f9e2e66eb066e63b10a454708c2ec5fe55655c5a09ba5af247239d8aadc0d446465661c4563b86b4bce4ffa04211f3dbee3b05fca8a8bc53feeceed39c66b41dd321b01a7aff49f46fb32e2f082de8a1b7a222e470f92c886bf8bba78d47e94ca14cad73aba7619e757449686f69
2024-03-29 17:12:28.887     ui     info:    [i18next] Requesting missing translation en readnought title title    ccp://launcher/renderer/main_window/index.js    2
2024-03-29 17:12:28.957    app     info:    [jukebox] Fetched 2 jukebox playlists
2024-03-29 17:12:29.025    app     info:    [creatives] Received 3 creatives
2024-03-29 17:12:29.450    app     info:    [elg-events] Queueing event    eve_launcher.electron.authentication.UserAuthenticated
2024-03-29 17:12:29.450    app     info:    [authentication-handler] Navigation to login completed, receiving code & state    {
  state: 'jhupQxhCTeMnprBlXZ_ouMxEhcFXfZMzvKj9HIsNDZ0',
  code: 'My7UUCdGm0epkZfo0EoC1g'
}
2024-03-29 17:12:29.453    app     info:    [elg-events] Queueing event    eve_launcher.electron.authentication.LoginWindowClosed
2024-03-29 17:12:29.460    app     info:    [elg-events] Event sent    type.evetech.net/eve_launcher.electron.authentication.UserAuthenticated
2024-03-29 17:12:29.464    app     info:    [elg-events] Event sent    type.evetech.net/eve_launcher.electron.authentication.LoginWindowClosed
2024-03-29 17:12:29.723    app     info:    [elg-events] Queueing event    eve_launcher.electron.authentication.UserTokensReceived
2024-03-29 17:12:29.749    app     info:    [elg-events] Event sent    type.evetech.net/eve_launcher.electron.authentication.UserTokensReceived
2024-03-29 17:12:29.770    app     info:    [AuthenticationMiddleware] User information updated
2024-03-29 17:12:30.365     ui     info:    Initializing captcha    ccp://launcher/renderer/main_window/index.js    2
2024-03-29 17:12:32.351    app     info:    [analytics] Hardware rendering enabled:    true    { disabledViaCommandline: false, disabledViaSettings: false }
2024-03-29 17:12:33.817    app     info:    [self-update] Checking for application updates.
2024-03-29 17:12:34.275    app     info:    [self-update] No application updates were found.
2024-03-29 17:12:39.808    app     info:    [authentication] Generated login URL with state 'E2MpihuUfGS0q5soxe6FD8qOreRa5w3jk-cuGVuB-RA' for 'tranquility' using clientID 'eveLauncherTQ'
2024-03-29 17:12:39.810    app     info:    [authentication-handler] Creating login window using URI https://login.eveonline.com/account/logoff?lang=en&ReturnUrl=%2Fv2%2Foauth%2Fauthorize%3Fresponse_type%3Dcode%26client_id%3DeveLauncherTQ%26scope%3DeveClientLogin%2Bcisservice.customerRead.v1%2Bcisservice.customerWrite.v1%2Bcisservice.userProfileBasic.v1%2Bvgs.transactionRead.v1%2Bvgs.marketAccess.v1%26redirect_uri%3Dhttps%253A%252F%252Flogin.eveonline.com%252Flauncher%253Fclient_id%253DeveLauncherTQ%26state%3DE2MpihuUfGS0q5soxe6FD8qOreRa5w3jk-cuGVuB-RA%26code_challenge_method%3DS256%26code_challenge%3D75IjGldMAimhnlvJGsbrLS3nr_QM8-tD8nyjhYr5zqU
2024-03-29 17:12:40.289    app     info:    [elg-events] Queueing event    eve_launcher.electron.authentication.LoginWindowOpened
2024-03-29 17:12:40.293    app     info:    [elg-events] Event sent    type.evetech.net/eve_launcher.electron.authentication.LoginWindowOpened
2024-03-29 17:12:52.930    app     info:    [scheduler] Stopped scheduler foreground
2024-03-29 17:12:52.931    app     info:    [ipc-requests] Handling requests in the background
2024-03-29 17:12:53.933    app     info:    [ipc-requests] No longer handling requests in the background
2024-03-29 17:12:58.165    app     warn:    Could not connect to LogLite    [
  Error: connect ECONNREFUSED 127.0.0.1:3273
      at TCPConnectWrap.afterConnect [as oncomplete] (node:net:1247:16) {
    errno: -4078,
    code: 'ECONNREFUSED',
    syscall: 'connect',
    address: '127.0.0.1',
    port: 3273
  }
]
2024-03-29 17:13:01.567    app     info:    [scheduler] Starting scheduler foreground
2024-03-29 17:13:04.542    app     info:    [elg-events] Queueing event    eve_launcher.electron.authentication.UserAuthenticated
2024-03-29 17:13:04.544    app     info:    [authentication-handler] Navigation to login completed, receiving code & state    {
  state: 'E2MpihuUfGS0q5soxe6FD8qOreRa5w3jk-cuGVuB-RA',
  code: 'bmYlpN9ENk6Pw3i8NMXrYA'
}
2024-03-29 17:13:04.551    app     info:    [elg-events] Queueing event    eve_launcher.electron.authentication.LoginWindowClosed
2024-03-29 17:13:04.563    app     info:    [elg-events] Event sent    type.evetech.net/eve_launcher.electron.authentication.UserAuthenticated
2024-03-29 17:13:04.566    app     info:    [elg-events] Event sent    type.evetech.net/eve_launcher.electron.authentication.LoginWindowClosed
2024-03-29 17:13:04.733    app     info:    [elg-events] Queueing event    eve_launcher.electron.authentication.UserTokensReceived
2024-03-29 17:13:04.750    app     info:    [server-manager] Starting refresh cycle for eve-online / Tranquility
2024-03-29 17:13:04.782    app     info:    [elg-events] Event sent    type.evetech.net/eve_launcher.electron.authentication.UserTokensReceived
2024-03-29 17:13:04.790    app     info:    [customer-information] Getting character information for '17550993' on 'tranquility'
2024-03-29 17:13:04.800    app     info:    [customer-information] Getting Omega status for '17550993' on 'tranquility'
2024-03-29 17:13:04.813    app     info:    [virtual-goods] Getting Plex status for '17550993' on 'tranquility'
2024-03-29 17:13:04.892    app     info:    info: [LaunchDarkly] Closing stream connection    []
2024-03-29 17:13:04.892    app     info:    info: [LaunchDarkly] Opening stream connection to https://clientstream.launchdarkly.com/eval/64c3d12e27a4b11365012d39/eyJrZXkiOiI0YTQzNmFkYi00Yjk5LTQwYTctODViMC00MmUyMDZmNDEyODYiLCJraW5kIjoidXNlciIsImN1c3RvbSI6eyJpc0ZpcnN0UnVuIjpmYWxzZSwiZGF5c1NpbmNlRmlyc3RSdW4iOjEsImxhbmd1YWdlIjoiZW4iLCJhcHBsaWNhdGlvbiI6ImV2ZS1vbmxpbmUiLCJ2ZXJzaW9uIjoiMS4zLjMiLCJwbGF0Zm9ybSI6IndpbmRvd3MiLCJpc0dlRm9yY2VOb3ciOmZhbHNlLCJvc1ZlcnNpb25EZXByZWNhdGVkIjpmYWxzZSwidXNlcklkcyI6WzE2NDkyMzc3LDE3NTUwOTkzLDIxMTAzMTEsMjk3OTc2NTBdLCJvbWVnYUNvdW50IjowLCJhbHBoYUNvdW50IjoxNSwiYWNjb3VudENvdW50IjoxNSwib2xkZXN0QWNjb3VudEFnZSI6NjEwNywieW91bmdlc3RBY2NvdW50QWdlIjowfX0?withReasons=true    []
2024-03-29 17:13:04.916    app     info:    [virtual-goods] Fetched Plex status for '17550993' on 'tranquility'
2024-03-29 17:13:04.946    app     info:    [server-manager] Previous Tranquility build: 2532064, current build: 2532064
2024-03-29 17:13:04.946    app     info:    [server-manager] Tranquility build is unchanged.
2024-03-29 17:13:04.957    app     info:    [server-manager] Ready to play!
2024-03-29 17:13:04.963    app     info:    [server-manager] Finished refresh cycle for Tranquility
2024-03-29 17:13:04.984    app     info:    [esi] Fetching character details for 2114676119
2024-03-29 17:13:05.011    app     info:    [customer-information] Agreement status has been fetched for user '17550993'
2024-03-29 17:13:05.012    app     info:    [AuthenticationMiddleware] User information updated
2024-03-29 17:13:05.640    app     info:    [esi] Fetched 1 character details for 17550993
2024-03-29 17:13:10.897    app     info:    [client-queue] Queued client startup    {
  product: 'eve-online',
  tenant: 'tranquility',
  userId: 17550993,
  characterId: 2114676119,
  profile: ''
}
2024-03-29 17:13:10.901    app     info:    [elg-events] Queueing event    eve_launcher.electron.eve_client.ClientQueued
2024-03-29 17:13:10.902    app     info:    [client-queue] No clients running for tranquility, copying files before starting a client
2024-03-29 17:13:10.903    app     info:    [elg-events] Event sent    type.evetech.net/eve_launcher.electron.eve_client.ClientQueued
2024-03-29 17:13:10.912    app     info:    [elg-events] Queueing event    eve_launcher.electron.eve_client.CopyingFilesStarted
2024-03-29 17:13:10.912    app     info:    [binary-copier] Copying 195 files (230 MB) to 'C:\CCP\EVE Online\tq'
2024-03-29 17:13:10.913    app     info:    [elg-events] Event sent    type.evetech.net/eve_launcher.electron.eve_client.CopyingFilesStarted
2024-03-29 17:13:10.936    app     info:    [binary-copier] Removing old binaries
2024-03-29 17:13:10.969    app     info:    [binary-copier] Copying binaries from ResFiles
2024-03-29 17:13:11.406    app     info:    [binary-copier] Finished copying 195 files to 'C:\CCP\EVE Online\tq' in 0.497 seconds
2024-03-29 17:13:11.410    app     info:    [elg-events] Queueing event    eve_launcher.electron.eve_client.CopyingFilesFinished
2024-03-29 17:13:11.410    app     info:    [elg-events] Event sent    type.evetech.net/eve_launcher.electron.eve_client.CopyingFilesFinished
2024-03-29 17:13:11.422    app     info:    [client-manager] Starting EVE Online game client.    C:\CCP\EVE Online\tq\bin64\exefile.exe    [
  '/noconsole',
  '/server:tranquility.servers.eveonline.com',
  '/ssoToken=***',
  '/refreshToken=***',
  '/settingsprofile=Default',
  '/language=en',
  '/triplatform=dx12',
  '/steamUser',
  '/deviceID=***',
  '/machineHash=***',
  '/autoSelectCharacter:2114676119',
  'exp=1711732983',
  'tokenExpires=2024-03-29 19:23:03.000'
]    17550993
2024-03-29 17:13:11.426    app     info:    [elg-events] Queueing event    eve_launcher.electron.eve_client.GameClientStartRequested
2024-03-29 17:13:11.449    app     info:    [elg-events] Queueing event    eve_launcher.electron.eve_client.TemporaryClientProcessAdded
2024-03-29 17:13:11.454    app     info:    [client-manager] Found 'tranquility' client for '17550993' running:     {
  processId: 11696,
  createdDate: 1711732391438,
  userId: 17550993,
  characterId: 2114676119,
  profile: 'Default',
  dxVersion: 'dx12'
}
2024-03-29 17:13:11.470    app     info:    [elg-events] Queueing event    eve_launcher.electron.eve_client.GameClientStarted
2024-03-29 17:13:11.481    app     info:    [elg-events] Queueing event    eve_launcher.electron.eve_client.TemporaryClientProcessRemoved
2024-03-29 17:13:11.481    app     info:    [elg-events] Event sent    type.evetech.net/eve_launcher.electron.eve_client.GameClientStartRequested
2024-03-29 17:13:11.481    app     info:    [client-queue] Started client from group startup    {
  product: 'eve-online',
  tenant: 'tranquility',
  characterId: 2114676119,
  profile: '',
  userId: 17550993
}
2024-03-29 17:13:11.489    app     info:    [elg-events] Event sent    type.evetech.net/eve_launcher.electron.eve_client.TemporaryClientProcessAdded
2024-03-29 17:13:11.490    app     info:    [elg-events] Event sent    type.evetech.net/eve_launcher.electron.eve_client.GameClientStarted
2024-03-29 17:13:11.490    app     info:    [elg-events] Event sent    type.evetech.net/eve_launcher.electron.eve_client.TemporaryClientProcessRemoved
2024-03-29 17:13:11.986    app     info:    [elg-events] Queueing event    eve_launcher.electron.eve_client.TemporaryClientProcessMonitoringStopped
2024-03-29 17:13:11.986    app     info:    [elg-events] Event sent    type.evetech.net/eve_launcher.electron.eve_client.TemporaryClientProcessMonitoringStopped
2024-03-29 17:13:12.503    app     info:    [client-queue] Queue has stopped running, no more clients pending startup.
2024-03-29 17:17:33.816    app     info:    [self-update] Checking for application updates.
2024-03-29 17:17:34.166    app     info:    [self-update] No application updates were found.
2024-03-29 17:18:04.968    app     info:    [server-manager] Starting refresh cycle for eve-online / Tranquility
2024-03-29 17:18:05.130    app     info:    [server-manager] Previous Tranquility build: 2532064, current build: 2532064
2024-03-29 17:18:05.130    app     info:    [server-manager] Tranquility build is unchanged.
2024-03-29 17:18:05.140    app     info:    [server-manager] Ready to play!
2024-03-29 17:18:05.147    app     info:    [server-manager] Finished refresh cycle for Tranquility
2024-03-29 17:19:16.079    app     info:    [scheduler] Stopped scheduler foreground
2024-03-29 17:19:16.088    app     info:    [ipc-requests] Handling requests in the background
2024-03-29 17:19:17.092    app     info:    [ipc-requests] No longer handling requests in the background
2024-03-29 17:19:21.905    app     info:    [scheduler] Starting scheduler foreground
2024-03-29 17:19:28.570    app     info:    [scheduler] Stopped scheduler foreground
2024-03-29 17:19:28.571    app     info:    [ipc-requests] Handling requests in the background
2024-03-29 17:19:29.572    app     info:    [ipc-requests] No longer handling requests in the background
2024-03-29 17:19:58.114    app     info:    [scheduler] Starting scheduler foreground
2024-03-29 17:19:59.041    app     info:    [scheduler] Stopped scheduler foreground
2024-03-29 17:19:59.041    app     info:    [ipc-requests] Handling requests in the background
2024-03-29 17:20:00.043    app     info:    [ipc-requests] No longer handling requests in the background
2024-03-29 17:20:13.547    app     info:    [scheduler] Starting scheduler foreground
2024-03-29 17:20:13.994    app     info:    [scheduler] Stopped scheduler foreground
2024-03-29 17:20:13.995    app     info:    [ipc-requests] Handling requests in the background
2024-03-29 17:20:14.996    app     info:    [ipc-requests] No longer handling requests in the background
2024-03-29 17:20:38.051    app     info:    [scheduler] Starting scheduler foreground
2024-03-29 17:22:33.816    app     info:    [self-update] Checking for application updates.
2024-03-29 17:22:34.174    app     info:    [self-update] No application updates were found.
2024-03-29 17:22:38.706    app     info:    [scheduler] Stopped scheduler foreground
2024-03-29 17:22:38.707    app     info:    [ipc-requests] Handling requests in the background
2024-03-29 17:22:39.187    app     info:    [client-manager] 'tranquility' for EVE game client for '17550993' exited with no errors.
2024-03-29 17:22:39.191    app     info:    [elg-events] Queueing event    eve_launcher.electron.eve_client.GameClientExited
2024-03-29 17:22:39.205    app     info:    [server-manager] Starting refresh cycle for eve-online / Tranquility
2024-03-29 17:22:39.209    app     info:    [elg-events] Event sent    type.evetech.net/eve_launcher.electron.eve_client.GameClientExited
2024-03-29 17:22:39.346    app     info:    [server-manager] Previous Tranquility build: 2532064, current build: 2532064
2024-03-29 17:22:39.346    app     info:    [server-manager] Tranquility build is unchanged.
2024-03-29 17:22:39.356    app     info:    [server-manager] Ready to play!
2024-03-29 17:22:39.363    app     info:    [server-manager] Finished refresh cycle for Tranquility
2024-03-29 17:22:39.707    app     info:    [ipc-requests] No longer handling requests in the background
2024-03-29 17:22:44.870    app     info:    [scheduler] Starting scheduler foreground
2024-03-29 17:22:57.837    app     info:    [scheduler] Stopped scheduler foreground
2024-03-29 17:22:57.838    app     info:    [ipc-requests] Handling requests in the background
2024-03-29 17:22:58.840    app     info:    [ipc-requests] No longer handling requests in the background
2024-03-29 17:23:05.562    app     info:    [scheduler] Starting scheduler foreground
2024-03-29 17:23:09.289    app     info:    [scheduler] Stopped scheduler foreground
2024-03-29 17:23:09.289    app     info:    [ipc-requests] Handling requests in the background
2024-03-29 17:23:10.290    app     info:    [ipc-requests] No longer handling requests in the background
2024-03-29 17:23:57.434    app     info:    [scheduler] Starting scheduler foreground
2024-03-29 17:24:06.825    app     info:    [scheduler] Stopped scheduler foreground
2024-03-29 17:24:06.826    app     info:    [ipc-requests] Handling requests in the background
2024-03-29 17:24:07.826    app     info:    [ipc-requests] No longer handling requests in the background
2024-03-29 17:24:39.341    app     info:    [scheduler] Starting scheduler foreground
2024-03-29 17:24:44.509    app     info:    [scheduler] Stopped scheduler foreground
2024-03-29 17:24:44.510    app     info:    [ipc-requests] Handling requests in the background
2024-03-29 17:24:45.511    app     info:    [ipc-requests] No longer handling requests in the background
2024-03-29 17:24:55.519    app     info:    [scheduler] Starting scheduler foreground
2024-03-29 17:24:57.432    app     info:    [scheduler] Stopped scheduler foreground
2024-03-29 17:24:57.433    app     info:    [ipc-requests] Handling requests in the background
2024-03-29 17:24:58.435    app     info:    [ipc-requests] No longer handling requests in the background
2024-03-29 17:25:05.268    app     info:    [scheduler] Starting scheduler foreground
2024-03-29 17:25:28.067    app     info:    [scheduler] Stopped scheduler foreground
2024-03-29 17:25:28.069    app     info:    [ipc-requests] Handling requests in the background
2024-03-29 17:25:29.070    app     info:    [ipc-requests] No longer handling requests in the background
2024-03-29 17:25:57.418    app     info:    [scheduler] Starting scheduler foreground
2024-03-29 17:25:58.978    app     info:    [scheduler] Stopped scheduler foreground
2024-03-29 17:25:58.979    app     info:    [ipc-requests] Handling requests in the background
2024-03-29 17:25:59.979    app     info:    [ipc-requests] No longer handling requests in the background
2024-03-29 17:27:39.373    app     info:    [server-manager] Starting refresh cycle for eve-online / Tranquility
2024-03-29 17:27:39.531    app     info:    [server-manager] Previous Tranquility build: 2532064, current build: 2532064
2024-03-29 17:27:39.531    app     info:    [server-manager] Tranquility build is unchanged.
2024-03-29 17:27:39.541    app     info:    [server-manager] Ready to play!
2024-03-29 17:27:39.547    app     info:    [server-manager] Finished refresh cycle for Tranquility
2024-03-29 17:30:11.183    app     info:    [scheduler] Starting scheduler foreground
2024-03-29 17:30:16.216    app     info:    [self-update] Checking for application updates.
2024-03-29 17:30:16.631    app     info:    [self-update] No application updates were found.
2024-03-29 17:30:22.236     ui     info:    Changing minimize to tray to false    ccp://launcher/renderer/main_window/index.js    2
2024-03-29 17:30:27.719    app     info:    [main-window] Main window closing    { windowId: 2 }
2024-03-29 17:30:27.729    app     info:    [scheduler] Stopped scheduler foreground
2024-03-29 17:30:27.729    app     info:    [ipc-requests] Handling requests in the background
2024-03-29 17:30:27.742    app     info:    Application quitting. Cleanup needed: true
2024-03-29 17:30:27.746    app     info:    [elg-events] Queueing shutdown event    eve_launcher.electron.application.LauncherShutdown
2024-03-29 17:30:27.751    app     info:    app.quit called, but we are still sending ELG events.
2024-03-29 17:30:27.751    app     info:    [elg-events] Event sent    type.evetech.net/eve_launcher.electron.application.LauncherShutdown
2024-03-29 17:30:28.001    app     info:    [elg-events] Shutdown event timeout passed
